#
# A fatal error has been detected by the Java Runtime Environment:
#
#  EXCEPTION_ACCESS_VIOLATION (0xc0000005) at pc=0x000001d8a2c5e35e, pid=28848, tid=3568
#
# JRE version: Java(TM) SE Runtime Environment (21.0.8+12) (build 21.0.8+12-LTS-250)
# Java VM: Java HotSpot(TM) 64-Bit Server VM (21.0.8+12-LTS-250, mixed mode, sharing, tiered, compressed oops, compressed class ptrs, g1 gc, windows-amd64)
# Problematic frame:
# J 186 c2 java.lang.String.length()I java.base@21.0.8 (11 bytes) @ 0x000001d8a2c5e35e [0x000001d8a2c5e320+0x000000000000003e]
#
# No core dump will be written. Minidumps are not enabled by default on client versions of Windows
#
# If you would like to submit a bug report, please visit:
#   https://bugreport.java.com/bugreport/crash.jsp
#

---------------  S U M M A R Y ------------

Command Line: --module-path=lib/javafx --add-modules=javafx.controls,javafx.fxml --add-opens=javafx.graphics/javafx.scene=ALL-UNNAMED -javaagent:C:\Program Files\JetBrains\IntelliJ IDEA 2025.2\lib\idea_rt.jar=64262 -Dfile.encoding=UTF-8 -Dsun.stdout.encoding=UTF-8 -Dsun.stderr.encoding=UTF-8 MainGUI

Host: 12th Gen Intel(R) Core(TM) i7-12700H, 20 cores, 15G,  Windows 11 , 64 bit Build 26100 (10.0.26100.4768)
Time: Fri Aug 22 19:52:29 2025 Egypt Daylight Time elapsed time: 0.763937 seconds (0d 0h 0m 0s)

---------------  T H R E A D  ---------------

Current thread (0x000001d8f9a06f90):  JavaThread "JavaFX Application Thread"        [_thread_in_Java, id=3568, stack(0x000000bb55800000,0x000000bb55900000) (1024K)]

Stack: [0x000000bb55800000,0x000000bb55900000],  sp=0x000000bb558fd4b0,  free space=1013k
Native frames: (J=compiled Java code, j=interpreted, Vv=VM code, C=native code)
C  0x000001d8a2c5e35e

The last pc belongs to nmethod (printed below).

siginfo: EXCEPTION_ACCESS_VIOLATION (0xc0000005), reading address 0x000000027a227254


Registers:
RAX=0x000001d8b400ed30, RBX=0x000001d8b400ed30, RCX=0x0000000713a30d48, RDX=0x0000000713a30d48
RSP=0x000000bb558fd4b0, RBP=0x000000bb558fd538, RSI=0x000001d8fa0992a0, RDI=0x000001d8fa38a840
R8 =0x000001d890ff15c0, R9 =0x0000000713a30d48, R10=0x00007ff92c910ae0, R11=0x000000004f444e49
R12=0x0000000000000000, R13=0x000000bb558fd4d0, R14=0x000000bb558fd558, R15=0x000001d8f9a06f90
RIP=0x000001d8a2c5e35e, EFLAGS=0x0000000000010246


Register to memory mapping:

RAX={method} {0x000001d8b400ed38} 'length' '()I' in 'java/lang/String'
RBX={method} {0x000001d8b400ed38} 'length' '()I' in 'java/lang/String'
RCX=0x0000000713a30d48 is an oop: [B 
{0x0000000713a30d48} - klass: {type array byte}
 - length: 16
RDX=0x0000000713a30d48 is an oop: [B 
{0x0000000713a30d48} - klass: {type array byte}
 - length: 16
RSP=0x000000bb558fd4b0 is pointing into the stack for thread: 0x000001d8f9a06f90
RBP=0x000000bb558fd538 is pointing into the stack for thread: 0x000001d8f9a06f90
RSI=0x000001d8fa0992a0 points into unknown readable memory: 0x000001d8b35ec5c9 | c9 c5 5e b3 d8 01 00 00
RDI=0x000001d8fa38a840 points into unknown readable memory: 0x0000001800000030 | 30 00 00 00 18 00 00 00
R8 =0x000001d890ff15c0 points into unknown readable memory: 0x000001d890ff0cc0 | c0 0c ff 90 d8 01 00 00
R9 =0x0000000713a30d48 is an oop: [B 
{0x0000000713a30d48} - klass: {type array byte}
 - length: 16
R10=0x00007ff92c910ae0 jvm.dll
R11=0x000000004f444e49 is an unknown value
R12=0x0 is null
R13=0x000000bb558fd4d0 is pointing into the stack for thread: 0x000001d8f9a06f90
R14=0x000000bb558fd558 is pointing into the stack for thread: 0x000001d8f9a06f90
R15=0x000001d8f9a06f90 is a thread

Top of Stack: (sp=0x000000bb558fd4b0)
0x000000bb558fd4b0:   000001d8f500b190 0000000714028420
0x000000bb558fd4c0:   000000bb558fd538 000001d8a2508988
0x000000bb558fd4d0:   0000000713a30d48 0000000000000000
0x000000bb558fd4e0:   000000000000003b 000000027a227248
0x000000bb558fd4f0:   000000bb558fd4f0 000001d8b4bf54b6
0x000000bb558fd500:   0000000000000004 000001d8b445ba28
0x000000bb558fd510:   000001d8f5013f30 0000000714028420
0x000000bb558fd520:   000001d8b445ada8 000000bb558fd4d0
0x000000bb558fd530:   000000bb558fd560 000000bb558fd600
0x000000bb558fd540:   000001d89b10b1c4 deaddeaf00000000
0x000000bb558fd550:   deaddeaf0000003b 0000000713a30d48
0x000000bb558fd560:   000000bb558fd618 000001d8a25089d2
0x000000bb558fd570:   000000bb558fd600 000001d8a2519015
0x000000bb558fd580:   000001d8f5746c90 00000000000000b6
0x000000bb558fd590:   000000bb558fd600 000001d8a2508988
0x000000bb558fd5a0:   000001d8a2508988 000000000000003b
0x000000bb558fd5b0:   0000000713a30d48 000000bb558fd5b8
0x000000bb558fd5c0:   000001d8f5746e84 0000000000000003
0x000000bb558fd5d0:   000001d8f574bcf8 0000000000000000
0x000000bb558fd5e0:   0000000714d2bf88 000001d8f5746eb8
0x000000bb558fd5f0:   000000bb558fd5a8 000000bb558fd620
0x000000bb558fd600:   000000bb558fd668 000001d8a2508860
0x000000bb558fd610:   0000000000000000 0000000713a30d48
0x000000bb558fd620:   000000bb558fd620 000001d8f57478be
0x000000bb558fd630:   0000000000000004 000001d8f574bcf8
0x000000bb558fd640:   0000000000000000 0000000714d2bf88
0x000000bb558fd650:   000001d8f5747910 000000bb558fd620
0x000000bb558fd660:   000000bb558fd688 000000bb558fd6d8
0x000000bb558fd670:   000001d8a25089d2 0000000000000000
0x000000bb558fd680:   0000000000000000 0000000713a2ffd0
0x000000bb558fd690:   000000bb558fd690 000001d8f5921571
0x000000bb558fd6a0:   0000000000000002 000001d8f5921860 

Instructions: (pc=0x000001d8a2c5e35e)
0x000001d8a2c5e25e:   00 00 00 00 00 00 00 00 00 00 00 00 00 00 00 00
0x000001d8a2c5e26e:   00 00 20 e3 c5 a2 d8 01 00 00 40 e3 c5 a2 d8 01
0x000001d8a2c5e27e:   00 00 20 e3 c5 a2 d8 01 00 00 00 00 00 00 ff ff
0x000001d8a2c5e28e:   ff ff 28 02 00 00 ff ff ff ff 90 01 00 00 28 02
0x000001d8a2c5e29e:   00 00 40 02 00 00 40 02 00 00 00 00 00 00 58 02
0x000001d8a2c5e2ae:   00 00 88 02 00 00 90 02 00 00 90 02 00 00 a0 02
0x000001d8a2c5e2be:   00 00 a0 02 00 00 a0 02 00 00 00 00 00 00 ba 00
0x000001d8a2c5e2ce:   00 00 00 00 00 00 02 00 00 00 ff ff ff ff ff ff
0x000001d8a2c5e2de:   ff ff 04 02 00 00 00 00 00 00 08 00 00 00 00 00
0x000001d8a2c5e2ee:   00 00 14 30 3e 58 15 31 05 80 22 78 08 40 11 31
0x000001d8a2c5e2fe:   05 31 0e 00 00 31 0f 31 00 00 00 00 00 00 00 00
0x000001d8a2c5e30e:   00 00 00 00 00 00 00 00 00 00 00 00 00 00 00 00
0x000001d8a2c5e31e:   00 00 44 8b 52 08 49 bb 00 00 00 b4 d8 01 00 00
0x000001d8a2c5e32e:   4d 03 d3 49 3b c2 0f 85 46 04 8f ff 66 90 0f 1f
0x000001d8a2c5e33e:   40 00 89 84 24 00 80 ff ff 55 48 83 ec 10 41 81
0x000001d8a2c5e34e:   7f 20 01 00 00 00 0f 85 50 00 00 00 44 8b 5a 14
0x000001d8a2c5e35e:   47 8b 54 dc 0c 44 0f be 42 10 c4 c2 3a f7 c2 48
0x000001d8a2c5e36e:   83 c4 10 5d 49 3b a7 48 04 00 00 0f 87 15 00 00
0x000001d8a2c5e37e:   00 c3 ba f6 ff ff ff 66 90 e8 74 62 8f ff 0f 1f
0x000001d8a2c5e38e:   84 00 fc 01 00 00 49 ba 72 e3 c5 a2 d8 01 00 00
0x000001d8a2c5e39e:   4d 89 97 60 04 00 00 e9 56 73 8f ff e8 b1 69 8d
0x000001d8a2c5e3ae:   ff e9 a6 ff ff ff f4 f4 f4 f4 e9 43 d5 9b ff e8
0x000001d8a2c5e3be:   00 00 00 00 48 83 2c 24 05 e9 d4 65 8f ff f4 f4
0x000001d8a2c5e3ce:   f4 f4 30 ed 00 b4 d8 01 00 00 ff 02 01 01 02 03
0x000001d8a2c5e3de:   01 01 02 06 02 05 01 00 00 00 ff ff ff ff 00 00
0x000001d8a2c5e3ee:   00 00 00 00 00 00 00 00 00 00 6c 00 00 00 07 00
0x000001d8a2c5e3fe:   00 00 00 00 00 00 00 00 00 00 b1 00 00 00 00 00
0x000001d8a2c5e40e:   00 00 00 00 00 00 00 00 00 00 00 00 00 00 00 00
0x000001d8a2c5e41e:   00 00 01 00 00 00 3e 00 00 00 60 00 00 00 00 00
0x000001d8a2c5e42e:   00 00 00 00 00 00 00 00 00 00 00 00 00 00 00 00
0x000001d8a2c5e43e:   00 00 00 00 00 00 00 00 00 00 00 00 00 00 00 00
0x000001d8a2c5e44e:   00 00 00 00 00 00 00 00 00 00 00 00 00 00 00 00 


Stack slot to memory mapping:

stack at sp + 0 slots: 0x000001d8f500b190 is pointing into metadata
stack at sp + 1 slots: 0x0000000714028420 is an oop: java.lang.Class 
{0x0000000714028420} - klass: 'java/lang/Class'
 - ---- fields (total size 17 words):
 - private volatile transient 'classRedefinedCount' 'I' @12  0 (0x00000000)
 - injected 'klass' 'J' @16  2030244521792 (0x000001d8b400e740)
 - injected 'array_klass' 'J' @24  2030244522712 (0x000001d8b400ead8)
 - injected 'oop_size' 'I' @32  17 (0x00000011)
 - injected 'static_oop_field_count' 'I' @36  2 (0x00000002)
 - private volatile transient 'cachedConstructor' 'Ljava/lang/reflect/Constructor;' @40  null (0x00000000)
 - private transient 'name' 'Ljava/lang/String;' @44  "java.lang.String"{0x00000007140e1c20} (0xe281c384)
 - private transient 'module' 'Ljava/lang/Module;' @48  a 'java/lang/Module'{0x0000000714014ab8} (0xe2802957)
 - private final 'classLoader' 'Ljava/lang/ClassLoader;' @52  null (0x00000000)
 - private transient 'classData' 'Ljava/lang/Object;' @56  null (0x00000000)
 - private transient 'packageName' 'Ljava/lang/String;' @60  null (0x00000000)
 - private final 'componentType' 'Ljava/lang/Class;' @64  null (0x00000000)
 - private volatile transient 'reflectionData' 'Ljava/lang/ref/SoftReference;' @68  null (0x00000000)
 - private volatile transient 'genericInfo' 'Lsun/reflect/generics/repository/ClassRepository;' @72  null (0x00000000)
 - private volatile transient 'enumConstants' '[Ljava/lang/Object;' @76  null (0x00000000)
 - private volatile transient 'enumConstantDirectory' 'Ljava/util/Map;' @80  null (0x00000000)
 - private volatile transient 'annotationData' 'Ljava/lang/Class$AnnotationData;' @84  null (0x00000000)
 - private volatile transient 'annotationType' 'Lsun/reflect/annotation/AnnotationType;' @88  null (0x00000000)
 - transient 'classValueMap' 'Ljava/lang/ClassValue$ClassValueMap;' @92  null (0x00000000)
 - injected 'protection_domain' 'Ljava/lang/Object;' @96  null (0x00000000)
 - injected 'signers_name' 'Ljava/lang/Object;' @100  null (0x00000000)
 - injected 'source_file' 'Ljava/lang/Object;' @104  null (0x00000000)
 - injected '<init_lock>' 'Ljava/lang/Object;' @108  null (0x00000000)
 - signature: Ljava/lang/String;
 - ---- static fields (2):
 - private static final 'serialVersionUID' 'J' @120  -6849794470754667710 (0xa0f0a4387a3bb342)
 - static final 'COMPACT_STRINGS' 'Z' @130  true (0x01)
 - private static final 'serialPersistentFields' '[Ljava/io/ObjectStreamField;' @112  a 'java/io/ObjectStreamField'[0] {0x00000007140e1c58} (0xe281c38b)
 - private static final 'REPL' 'C' @128    65533 (0xfffd)
 - public static final 'CASE_INSENSITIVE_ORDER' 'Ljava/util/Comparator;' @116  a 'java/lang/String$CaseInsensitiveComparator'{0x00000007140e1c68} (0xe281c38d)
 - static final 'LATIN1' 'B' @131  0 (0x00)
 - static final 'UTF16' 'B' @132  1 (0x01)
stack at sp + 2 slots: 0x000000bb558fd538 is pointing into the stack for thread: 0x000001d8f9a06f90
stack at sp + 3 slots: 0x000001d8a2508988 is at code_begin+1480 in an Interpreter codelet
return entry points  [0x000001d8a25083c0, 0x000001d8a2508f60]  2976 bytes
stack at sp + 4 slots: 0x0000000713a30d48 is an oop: [B 
{0x0000000713a30d48} - klass: {type array byte}
 - length: 16
stack at sp + 5 slots: 0x0 is null
stack at sp + 6 slots: 0x000000000000003b is an unknown value
stack at sp + 7 slots: 0x000000027a227248 is an unknown value


Compiled method (c2)     813  186       4       java.lang.String::length (11 bytes)
 total in heap  [0x000001d8a2c5e190,0x000001d8a2c5e430] = 672
 relocation     [0x000001d8a2c5e2f0,0x000001d8a2c5e308] = 24
 main code      [0x000001d8a2c5e320,0x000001d8a2c5e3b8] = 152
 stub code      [0x000001d8a2c5e3b8,0x000001d8a2c5e3d0] = 24
 metadata       [0x000001d8a2c5e3d0,0x000001d8a2c5e3d8] = 8
 scopes data    [0x000001d8a2c5e3d8,0x000001d8a2c5e3e8] = 16
 scopes pcs     [0x000001d8a2c5e3e8,0x000001d8a2c5e418] = 48
 dependencies   [0x000001d8a2c5e418,0x000001d8a2c5e420] = 8
 nul chk table  [0x000001d8a2c5e420,0x000001d8a2c5e430] = 16

[Constant Pool (empty)]

[MachCode]
[Entry Point]
  # {method} {0x000001d8b400ed38} 'length' '()I' in 'java/lang/String'
  #           [sp+0x20]  (sp of caller)
  0x000001d8a2c5e320: 448b 5208 | 49bb 0000 | 00b4 d801 | 0000 4d03 | d349 3bc2 

  0x000001d8a2c5e334: ;   {runtime_call ic_miss_stub}
  0x000001d8a2c5e334: 0f85 4604 | 8fff 6690 | 0f1f 4000 
[Verified Entry Point]
  0x000001d8a2c5e340: 8984 2400 | 80ff ff55 | 4883 ec10 | 4181 7f20 | 0100 0000 | 0f85 5000 | 0000 448b | 5a14 478b 
  0x000001d8a2c5e360: 54dc 0c44 | 0fbe 4210 | c4c2 3af7 | c248 83c4 

  0x000001d8a2c5e370: ;   {poll_return}
  0x000001d8a2c5e370: 105d 493b | a748 0400 | 000f 8715 | 0000 00c3 | baf6 ffff 

  0x000001d8a2c5e384: ;   {runtime_call UncommonTrapBlob}
  0x000001d8a2c5e384: ff66 90e8 

  0x000001d8a2c5e388: ; ImmutableOopMap {}
                      ;*arraylength {reexecute=0 rethrow=0 return_oop=0}
                      ; - java.lang.String::length@4 (line 1519)
  0x000001d8a2c5e388: 7462 8fff 

  0x000001d8a2c5e38c: ;   {other}
  0x000001d8a2c5e38c: 0f1f 8400 | fc01 0000 

  0x000001d8a2c5e394: ;   {internal_word}
  0x000001d8a2c5e394: 49ba 72e3 | c5a2 d801 | 0000 4d89 | 9760 0400 

  0x000001d8a2c5e3a4: ;   {runtime_call SafepointBlob}
  0x000001d8a2c5e3a4: 00e9 5673 

  0x000001d8a2c5e3a8: ;   {runtime_call StubRoutines (final stubs)}
  0x000001d8a2c5e3a8: 8fff e8b1 | 698d ffe9 | a6ff ffff | f4f4 f4f4 
[Exception Handler]
  0x000001d8a2c5e3b8: ;   {no_reloc}
  0x000001d8a2c5e3b8: e943 d59b | ffe8 0000 | 0000 4883 

  0x000001d8a2c5e3c4: ;   {runtime_call DeoptimizationBlob}
  0x000001d8a2c5e3c4: 2c24 05e9 | d465 8fff | f4f4 f4f4 
[/MachCode]


---------------  P R O C E S S  ---------------

Threads class SMR info:
_java_thread_list=0x000001d8f9fc3600, length=23, elements={
0x000001d8910f46b0, 0x000001d8b33c1900, 0x000001d8b33c3270, 0x000001d8b33c8730,
0x000001d8b33c96e0, 0x000001d8b33cf0a0, 0x000001d8b33d98d0, 0x000001d8b33de000,
0x000001d8b33de850, 0x000001d8b3608860, 0x000001d8b3608ec0, 0x000001d8b37093b0,
0x000001d8b3709a50, 0x000001d8b370e100, 0x000001d8b36a8100, 0x000001d8b38306f0,
0x000001d8f90a3a40, 0x000001d8f98d0060, 0x000001d8f932ac70, 0x000001d8f99fe8c0,
0x000001d8f9a06f90, 0x000001d8f9fce830, 0x000001d8f9f8d2b0
}

Java Threads: ( => current thread )
  0x000001d8910f46b0 JavaThread "main"                              [_thread_blocked, id=26036, stack(0x000000bb53a00000,0x000000bb53b00000) (1024K)]
  0x000001d8b33c1900 JavaThread "Reference Handler"          daemon [_thread_blocked, id=8656, stack(0x000000bb54200000,0x000000bb54300000) (1024K)]
  0x000001d8b33c3270 JavaThread "Finalizer"                  daemon [_thread_blocked, id=8576, stack(0x000000bb54300000,0x000000bb54400000) (1024K)]
  0x000001d8b33c8730 JavaThread "Signal Dispatcher"          daemon [_thread_blocked, id=28152, stack(0x000000bb54400000,0x000000bb54500000) (1024K)]
  0x000001d8b33c96e0 JavaThread "Attach Listener"            daemon [_thread_blocked, id=22056, stack(0x000000bb54500000,0x000000bb54600000) (1024K)]
  0x000001d8b33cf0a0 JavaThread "Service Thread"             daemon [_thread_blocked, id=24304, stack(0x000000bb54600000,0x000000bb54700000) (1024K)]
  0x000001d8b33d98d0 JavaThread "Monitor Deflation Thread"   daemon [_thread_blocked, id=18784, stack(0x000000bb54700000,0x000000bb54800000) (1024K)]
  0x000001d8b33de000 JavaThread "C2 CompilerThread0"         daemon [_thread_blocked, id=30252, stack(0x000000bb54800000,0x000000bb54900000) (1024K)]
  0x000001d8b33de850 JavaThread "C1 CompilerThread0"         daemon [_thread_blocked, id=10252, stack(0x000000bb54900000,0x000000bb54a00000) (1024K)]
  0x000001d8b3608860 JavaThread "Common-Cleaner"             daemon [_thread_blocked, id=28624, stack(0x000000bb54a00000,0x000000bb54b00000) (1024K)]
  0x000001d8b3608ec0 JavaThread "C1 CompilerThread1"         daemon [_thread_blocked, id=2160, stack(0x000000bb54b00000,0x000000bb54c00000) (1024K)]
  0x000001d8b37093b0 JavaThread "C1 CompilerThread2"         daemon [_thread_blocked, id=5284, stack(0x000000bb54c00000,0x000000bb54d00000) (1024K)]
  0x000001d8b3709a50 JavaThread "C1 CompilerThread3"         daemon [_thread_blocked, id=288, stack(0x000000bb54d00000,0x000000bb54e00000) (1024K)]
  0x000001d8b370e100 JavaThread "C2 CompilerThread1"         daemon [_thread_blocked, id=1612, stack(0x000000bb54e00000,0x000000bb54f00000) (1024K)]
  0x000001d8b36a8100 JavaThread "C2 CompilerThread2"         daemon [_thread_blocked, id=20664, stack(0x000000bb54f00000,0x000000bb55000000) (1024K)]
  0x000001d8b38306f0 JavaThread "C2 CompilerThread3"         daemon [_thread_blocked, id=19096, stack(0x000000bb55000000,0x000000bb55100000) (1024K)]
  0x000001d8f90a3a40 JavaThread "Monitor Ctrl-Break"         daemon [_thread_in_native, id=7076, stack(0x000000bb55400000,0x000000bb55500000) (1024K)]
  0x000001d8f98d0060 JavaThread "Notification Thread"        daemon [_thread_blocked, id=17944, stack(0x000000bb55500000,0x000000bb55600000) (1024K)]
  0x000001d8f932ac70 JavaThread "QuantumRenderer-0"          daemon [_thread_blocked, id=16380, stack(0x000000bb55600000,0x000000bb55700000) (1024K)]
  0x000001d8f99fe8c0 JavaThread "InvokeLaterDispatcher"      daemon [_thread_blocked, id=23828, stack(0x000000bb55300000,0x000000bb55400000) (1024K)]
=>0x000001d8f9a06f90 JavaThread "JavaFX Application Thread"         [_thread_in_Java, id=3568, stack(0x000000bb55800000,0x000000bb55900000) (1024K)]
  0x000001d8f9fce830 JavaThread "JavaFX-Launcher"                   [_thread_blocked, id=18240, stack(0x000000bb55ea0000,0x000000bb55fa0000) (1024K)]
  0x000001d8f9f8d2b0 JavaThread "Thread-2"                   daemon [_thread_in_native, id=30184, stack(0x000000bb55da0000,0x000000bb55ea0000) (1024K)]
Total: 23

Other Threads:
  0x000001d8b33a8370 VMThread "VM Thread"                           [id=19996, stack(0x000000bb54100000,0x000000bb54200000) (1024K)]
  0x000001d8b3394c60 WatcherThread "VM Periodic Task Thread"        [id=18724, stack(0x000000bb54000000,0x000000bb54100000) (1024K)]
  0x000001d89169f230 WorkerThread "GC Thread#0"                     [id=16352, stack(0x000000bb53b00000,0x000000bb53c00000) (1024K)]
  0x000001d8f9e0f1e0 WorkerThread "GC Thread#1"                     [id=24812, stack(0x000000bb55100000,0x000000bb55200000) (1024K)]
  0x000001d8f9e0f580 WorkerThread "GC Thread#2"                     [id=14628, stack(0x000000bb55200000,0x000000bb55300000) (1024K)]
  0x000001d8f9e0f920 WorkerThread "GC Thread#3"                     [id=20980, stack(0x000000bb55aa0000,0x000000bb55ba0000) (1024K)]
  0x000001d8f9e0fcc0 WorkerThread "GC Thread#4"                     [id=4300, stack(0x000000bb55ba0000,0x000000bb55ca0000) (1024K)]
  0x000001d8f9e10060 WorkerThread "GC Thread#5"                     [id=21568, stack(0x000000bb55ca0000,0x000000bb55da0000) (1024K)]
  0x000001d8916afc50 ConcurrentGCThread "G1 Main Marker"            [id=29220, stack(0x000000bb53c00000,0x000000bb53d00000) (1024K)]
  0x000001d8916b0750 WorkerThread "G1 Conc#0"                       [id=13484, stack(0x000000bb53d00000,0x000000bb53e00000) (1024K)]
  0x000001d8b3260c70 ConcurrentGCThread "G1 Refine#0"               [id=18716, stack(0x000000bb53e00000,0x000000bb53f00000) (1024K)]
  0x000001d8b3262690 ConcurrentGCThread "G1 Service"                [id=13548, stack(0x000000bb53f00000,0x000000bb54000000) (1024K)]
Total: 12

Threads with active compile tasks:
Total: 0

VM state: not at safepoint (normal execution)

VM Mutex/Monitor currently owned by a thread: None

Heap address: 0x0000000705c00000, size: 4004 MB, Compressed Oops mode: Zero based, Oop shift amount: 3

CDS archive(s) mapped at: [0x000001d8b4000000-0x000001d8b4c90000-0x000001d8b4c90000), size 13172736, SharedBaseAddress: 0x000001d8b4000000, ArchiveRelocationMode: 1.
Compressed class space mapped at: 0x000001d8b5000000-0x000001d8f5000000, reserved size: 1073741824
Narrow klass base: 0x000001d8b4000000, Narrow klass shift: 0, Narrow klass range: 0x100000000

GC Precious Log:
 CardTable entry size: 512
 Card Set container configuration: InlinePtr #cards 4 size 8 Array Of Cards #cards 16 size 48 Howl #buckets 8 coarsen threshold 3686 Howl Bitmap #cards 512 size 80 coarsen threshold 460 Card regions per heap region 1 cards per card region 4096
 CPUs: 20 total, 20 available
 Memory: 16011M
 Large Page Support: Disabled
 NUMA Support: Disabled
 Compressed Oops: Enabled (Zero based)
 Heap Region Size: 2M
 Heap Min Capacity: 8M
 Heap Initial Capacity: 252M
 Heap Max Capacity: 4004M
 Pre-touch: Disabled
 Parallel Workers: 15
 Concurrent Workers: 4
 Concurrent Refinement Workers: 15
 Periodic GC: Disabled

Heap:
 garbage-first heap   total 258048K, used 26557K [0x0000000705c00000, 0x0000000800000000)
  region size 2048K, 15 young (30720K), 2 survivors (4096K)
 Metaspace       used 8386K, committed 8640K, reserved 1114112K
  class space    used 1122K, committed 1216K, reserved 1048576K

Heap Regions: E=young(eden), S=young(survivor), O=old, HS=humongous(starts), HC=humongous(continues), CS=collection set, F=free, TAMS=top-at-mark-start, PB=parsable bottom
|   0|0x0000000705c00000, 0x0000000705c00000, 0x0000000705e00000|  0%| F|  |TAMS 0x0000000705c00000| PB 0x0000000705c00000| Untracked 
|   1|0x0000000705e00000, 0x0000000705e00000, 0x0000000706000000|  0%| F|  |TAMS 0x0000000705e00000| PB 0x0000000705e00000| Untracked 
|   2|0x0000000706000000, 0x0000000706000000, 0x0000000706200000|  0%| F|  |TAMS 0x0000000706000000| PB 0x0000000706000000| Untracked 
|   3|0x0000000706200000, 0x0000000706200000, 0x0000000706400000|  0%| F|  |TAMS 0x0000000706200000| PB 0x0000000706200000| Untracked 
|   4|0x0000000706400000, 0x0000000706400000, 0x0000000706600000|  0%| F|  |TAMS 0x0000000706400000| PB 0x0000000706400000| Untracked 
|   5|0x0000000706600000, 0x0000000706600000, 0x0000000706800000|  0%| F|  |TAMS 0x0000000706600000| PB 0x0000000706600000| Untracked 
|   6|0x0000000706800000, 0x0000000706800000, 0x0000000706a00000|  0%| F|  |TAMS 0x0000000706800000| PB 0x0000000706800000| Untracked 
|   7|0x0000000706a00000, 0x0000000706a00000, 0x0000000706c00000|  0%| F|  |TAMS 0x0000000706a00000| PB 0x0000000706a00000| Untracked 
|   8|0x0000000706c00000, 0x0000000706c00000, 0x0000000706e00000|  0%| F|  |TAMS 0x0000000706c00000| PB 0x0000000706c00000| Untracked 
|   9|0x0000000706e00000, 0x0000000706e00000, 0x0000000707000000|  0%| F|  |TAMS 0x0000000706e00000| PB 0x0000000706e00000| Untracked 
|  10|0x0000000707000000, 0x0000000707000000, 0x0000000707200000|  0%| F|  |TAMS 0x0000000707000000| PB 0x0000000707000000| Untracked 
|  11|0x0000000707200000, 0x0000000707200000, 0x0000000707400000|  0%| F|  |TAMS 0x0000000707200000| PB 0x0000000707200000| Untracked 
|  12|0x0000000707400000, 0x0000000707400000, 0x0000000707600000|  0%| F|  |TAMS 0x0000000707400000| PB 0x0000000707400000| Untracked 
|  13|0x0000000707600000, 0x0000000707600000, 0x0000000707800000|  0%| F|  |TAMS 0x0000000707600000| PB 0x0000000707600000| Untracked 
|  14|0x0000000707800000, 0x0000000707800000, 0x0000000707a00000|  0%| F|  |TAMS 0x0000000707800000| PB 0x0000000707800000| Untracked 
|  15|0x0000000707a00000, 0x0000000707a00000, 0x0000000707c00000|  0%| F|  |TAMS 0x0000000707a00000| PB 0x0000000707a00000| Untracked 
|  16|0x0000000707c00000, 0x0000000707c00000, 0x0000000707e00000|  0%| F|  |TAMS 0x0000000707c00000| PB 0x0000000707c00000| Untracked 
|  17|0x0000000707e00000, 0x0000000707e00000, 0x0000000708000000|  0%| F|  |TAMS 0x0000000707e00000| PB 0x0000000707e00000| Untracked 
|  18|0x0000000708000000, 0x0000000708000000, 0x0000000708200000|  0%| F|  |TAMS 0x0000000708000000| PB 0x0000000708000000| Untracked 
|  19|0x0000000708200000, 0x0000000708200000, 0x0000000708400000|  0%| F|  |TAMS 0x0000000708200000| PB 0x0000000708200000| Untracked 
|  20|0x0000000708400000, 0x0000000708400000, 0x0000000708600000|  0%| F|  |TAMS 0x0000000708400000| PB 0x0000000708400000| Untracked 
|  21|0x0000000708600000, 0x0000000708600000, 0x0000000708800000|  0%| F|  |TAMS 0x0000000708600000| PB 0x0000000708600000| Untracked 
|  22|0x0000000708800000, 0x0000000708800000, 0x0000000708a00000|  0%| F|  |TAMS 0x0000000708800000| PB 0x0000000708800000| Untracked 
|  23|0x0000000708a00000, 0x0000000708a00000, 0x0000000708c00000|  0%| F|  |TAMS 0x0000000708a00000| PB 0x0000000708a00000| Untracked 
|  24|0x0000000708c00000, 0x0000000708c00000, 0x0000000708e00000|  0%| F|  |TAMS 0x0000000708c00000| PB 0x0000000708c00000| Untracked 
|  25|0x0000000708e00000, 0x0000000708e00000, 0x0000000709000000|  0%| F|  |TAMS 0x0000000708e00000| PB 0x0000000708e00000| Untracked 
|  26|0x0000000709000000, 0x0000000709000000, 0x0000000709200000|  0%| F|  |TAMS 0x0000000709000000| PB 0x0000000709000000| Untracked 
|  27|0x0000000709200000, 0x0000000709200000, 0x0000000709400000|  0%| F|  |TAMS 0x0000000709200000| PB 0x0000000709200000| Untracked 
|  28|0x0000000709400000, 0x0000000709400000, 0x0000000709600000|  0%| F|  |TAMS 0x0000000709400000| PB 0x0000000709400000| Untracked 
|  29|0x0000000709600000, 0x0000000709600000, 0x0000000709800000|  0%| F|  |TAMS 0x0000000709600000| PB 0x0000000709600000| Untracked 
|  30|0x0000000709800000, 0x0000000709800000, 0x0000000709a00000|  0%| F|  |TAMS 0x0000000709800000| PB 0x0000000709800000| Untracked 
|  31|0x0000000709a00000, 0x0000000709a00000, 0x0000000709c00000|  0%| F|  |TAMS 0x0000000709a00000| PB 0x0000000709a00000| Untracked 
|  32|0x0000000709c00000, 0x0000000709c00000, 0x0000000709e00000|  0%| F|  |TAMS 0x0000000709c00000| PB 0x0000000709c00000| Untracked 
|  33|0x0000000709e00000, 0x0000000709e00000, 0x000000070a000000|  0%| F|  |TAMS 0x0000000709e00000| PB 0x0000000709e00000| Untracked 
|  34|0x000000070a000000, 0x000000070a000000, 0x000000070a200000|  0%| F|  |TAMS 0x000000070a000000| PB 0x000000070a000000| Untracked 
|  35|0x000000070a200000, 0x000000070a200000, 0x000000070a400000|  0%| F|  |TAMS 0x000000070a200000| PB 0x000000070a200000| Untracked 
|  36|0x000000070a400000, 0x000000070a400000, 0x000000070a600000|  0%| F|  |TAMS 0x000000070a400000| PB 0x000000070a400000| Untracked 
|  37|0x000000070a600000, 0x000000070a600000, 0x000000070a800000|  0%| F|  |TAMS 0x000000070a600000| PB 0x000000070a600000| Untracked 
|  38|0x000000070a800000, 0x000000070a800000, 0x000000070aa00000|  0%| F|  |TAMS 0x000000070a800000| PB 0x000000070a800000| Untracked 
|  39|0x000000070aa00000, 0x000000070aa00000, 0x000000070ac00000|  0%| F|  |TAMS 0x000000070aa00000| PB 0x000000070aa00000| Untracked 
|  40|0x000000070ac00000, 0x000000070ac00000, 0x000000070ae00000|  0%| F|  |TAMS 0x000000070ac00000| PB 0x000000070ac00000| Untracked 
|  41|0x000000070ae00000, 0x000000070ae00000, 0x000000070b000000|  0%| F|  |TAMS 0x000000070ae00000| PB 0x000000070ae00000| Untracked 
|  42|0x000000070b000000, 0x000000070b000000, 0x000000070b200000|  0%| F|  |TAMS 0x000000070b000000| PB 0x000000070b000000| Untracked 
|  43|0x000000070b200000, 0x000000070b200000, 0x000000070b400000|  0%| F|  |TAMS 0x000000070b200000| PB 0x000000070b200000| Untracked 
|  44|0x000000070b400000, 0x000000070b400000, 0x000000070b600000|  0%| F|  |TAMS 0x000000070b400000| PB 0x000000070b400000| Untracked 
|  45|0x000000070b600000, 0x000000070b600000, 0x000000070b800000|  0%| F|  |TAMS 0x000000070b600000| PB 0x000000070b600000| Untracked 
|  46|0x000000070b800000, 0x000000070b800000, 0x000000070ba00000|  0%| F|  |TAMS 0x000000070b800000| PB 0x000000070b800000| Untracked 
|  47|0x000000070ba00000, 0x000000070ba00000, 0x000000070bc00000|  0%| F|  |TAMS 0x000000070ba00000| PB 0x000000070ba00000| Untracked 
|  48|0x000000070bc00000, 0x000000070bc00000, 0x000000070be00000|  0%| F|  |TAMS 0x000000070bc00000| PB 0x000000070bc00000| Untracked 
|  49|0x000000070be00000, 0x000000070be00000, 0x000000070c000000|  0%| F|  |TAMS 0x000000070be00000| PB 0x000000070be00000| Untracked 
|  50|0x000000070c000000, 0x000000070c000000, 0x000000070c200000|  0%| F|  |TAMS 0x000000070c000000| PB 0x000000070c000000| Untracked 
|  51|0x000000070c200000, 0x000000070c200000, 0x000000070c400000|  0%| F|  |TAMS 0x000000070c200000| PB 0x000000070c200000| Untracked 
|  52|0x000000070c400000, 0x000000070c400000, 0x000000070c600000|  0%| F|  |TAMS 0x000000070c400000| PB 0x000000070c400000| Untracked 
|  53|0x000000070c600000, 0x000000070c600000, 0x000000070c800000|  0%| F|  |TAMS 0x000000070c600000| PB 0x000000070c600000| Untracked 
|  54|0x000000070c800000, 0x000000070c800000, 0x000000070ca00000|  0%| F|  |TAMS 0x000000070c800000| PB 0x000000070c800000| Untracked 
|  55|0x000000070ca00000, 0x000000070ca00000, 0x000000070cc00000|  0%| F|  |TAMS 0x000000070ca00000| PB 0x000000070ca00000| Untracked 
|  56|0x000000070cc00000, 0x000000070cc00000, 0x000000070ce00000|  0%| F|  |TAMS 0x000000070cc00000| PB 0x000000070cc00000| Untracked 
|  57|0x000000070ce00000, 0x000000070ce00000, 0x000000070d000000|  0%| F|  |TAMS 0x000000070ce00000| PB 0x000000070ce00000| Untracked 
|  58|0x000000070d000000, 0x000000070d000000, 0x000000070d200000|  0%| F|  |TAMS 0x000000070d000000| PB 0x000000070d000000| Untracked 
|  59|0x000000070d200000, 0x000000070d200000, 0x000000070d400000|  0%| F|  |TAMS 0x000000070d200000| PB 0x000000070d200000| Untracked 
|  60|0x000000070d400000, 0x000000070d400000, 0x000000070d600000|  0%| F|  |TAMS 0x000000070d400000| PB 0x000000070d400000| Untracked 
|  61|0x000000070d600000, 0x000000070d600000, 0x000000070d800000|  0%| F|  |TAMS 0x000000070d600000| PB 0x000000070d600000| Untracked 
|  62|0x000000070d800000, 0x000000070d800000, 0x000000070da00000|  0%| F|  |TAMS 0x000000070d800000| PB 0x000000070d800000| Untracked 
|  63|0x000000070da00000, 0x000000070da00000, 0x000000070dc00000|  0%| F|  |TAMS 0x000000070da00000| PB 0x000000070da00000| Untracked 
|  64|0x000000070dc00000, 0x000000070dc00000, 0x000000070de00000|  0%| F|  |TAMS 0x000000070dc00000| PB 0x000000070dc00000| Untracked 
|  65|0x000000070de00000, 0x000000070de00000, 0x000000070e000000|  0%| F|  |TAMS 0x000000070de00000| PB 0x000000070de00000| Untracked 
|  66|0x000000070e000000, 0x000000070e000000, 0x000000070e200000|  0%| F|  |TAMS 0x000000070e000000| PB 0x000000070e000000| Untracked 
|  67|0x000000070e200000, 0x000000070e200000, 0x000000070e400000|  0%| F|  |TAMS 0x000000070e200000| PB 0x000000070e200000| Untracked 
|  68|0x000000070e400000, 0x000000070e400000, 0x000000070e600000|  0%| F|  |TAMS 0x000000070e400000| PB 0x000000070e400000| Untracked 
|  69|0x000000070e600000, 0x000000070e600000, 0x000000070e800000|  0%| F|  |TAMS 0x000000070e600000| PB 0x000000070e600000| Untracked 
|  70|0x000000070e800000, 0x000000070e800000, 0x000000070ea00000|  0%| F|  |TAMS 0x000000070e800000| PB 0x000000070e800000| Untracked 
|  71|0x000000070ea00000, 0x000000070ea00000, 0x000000070ec00000|  0%| F|  |TAMS 0x000000070ea00000| PB 0x000000070ea00000| Untracked 
|  72|0x000000070ec00000, 0x000000070ec00000, 0x000000070ee00000|  0%| F|  |TAMS 0x000000070ec00000| PB 0x000000070ec00000| Untracked 
|  73|0x000000070ee00000, 0x000000070ee00000, 0x000000070f000000|  0%| F|  |TAMS 0x000000070ee00000| PB 0x000000070ee00000| Untracked 
|  74|0x000000070f000000, 0x000000070f000000, 0x000000070f200000|  0%| F|  |TAMS 0x000000070f000000| PB 0x000000070f000000| Untracked 
|  75|0x000000070f200000, 0x000000070f200000, 0x000000070f400000|  0%| F|  |TAMS 0x000000070f200000| PB 0x000000070f200000| Untracked 
|  76|0x000000070f400000, 0x000000070f400000, 0x000000070f600000|  0%| F|  |TAMS 0x000000070f400000| PB 0x000000070f400000| Untracked 
|  77|0x000000070f600000, 0x000000070f600000, 0x000000070f800000|  0%| F|  |TAMS 0x000000070f600000| PB 0x000000070f600000| Untracked 
|  78|0x000000070f800000, 0x000000070f800000, 0x000000070fa00000|  0%| F|  |TAMS 0x000000070f800000| PB 0x000000070f800000| Untracked 
|  79|0x000000070fa00000, 0x000000070fa00000, 0x000000070fc00000|  0%| F|  |TAMS 0x000000070fa00000| PB 0x000000070fa00000| Untracked 
|  80|0x000000070fc00000, 0x000000070fc00000, 0x000000070fe00000|  0%| F|  |TAMS 0x000000070fc00000| PB 0x000000070fc00000| Untracked 
|  81|0x000000070fe00000, 0x000000070fe00000, 0x0000000710000000|  0%| F|  |TAMS 0x000000070fe00000| PB 0x000000070fe00000| Untracked 
|  82|0x0000000710000000, 0x0000000710000000, 0x0000000710200000|  0%| F|  |TAMS 0x0000000710000000| PB 0x0000000710000000| Untracked 
|  83|0x0000000710200000, 0x0000000710200000, 0x0000000710400000|  0%| F|  |TAMS 0x0000000710200000| PB 0x0000000710200000| Untracked 
|  84|0x0000000710400000, 0x0000000710400000, 0x0000000710600000|  0%| F|  |TAMS 0x0000000710400000| PB 0x0000000710400000| Untracked 
|  85|0x0000000710600000, 0x0000000710600000, 0x0000000710800000|  0%| F|  |TAMS 0x0000000710600000| PB 0x0000000710600000| Untracked 
|  86|0x0000000710800000, 0x0000000710800000, 0x0000000710a00000|  0%| F|  |TAMS 0x0000000710800000| PB 0x0000000710800000| Untracked 
|  87|0x0000000710a00000, 0x0000000710a00000, 0x0000000710c00000|  0%| F|  |TAMS 0x0000000710a00000| PB 0x0000000710a00000| Untracked 
|  88|0x0000000710c00000, 0x0000000710c00000, 0x0000000710e00000|  0%| F|  |TAMS 0x0000000710c00000| PB 0x0000000710c00000| Untracked 
|  89|0x0000000710e00000, 0x0000000710e00000, 0x0000000711000000|  0%| F|  |TAMS 0x0000000710e00000| PB 0x0000000710e00000| Untracked 
|  90|0x0000000711000000, 0x0000000711000000, 0x0000000711200000|  0%| F|  |TAMS 0x0000000711000000| PB 0x0000000711000000| Untracked 
|  91|0x0000000711200000, 0x0000000711200000, 0x0000000711400000|  0%| F|  |TAMS 0x0000000711200000| PB 0x0000000711200000| Untracked 
|  92|0x0000000711400000, 0x0000000711400000, 0x0000000711600000|  0%| F|  |TAMS 0x0000000711400000| PB 0x0000000711400000| Untracked 
|  93|0x0000000711600000, 0x0000000711600000, 0x0000000711800000|  0%| F|  |TAMS 0x0000000711600000| PB 0x0000000711600000| Untracked 
|  94|0x0000000711800000, 0x0000000711800000, 0x0000000711a00000|  0%| F|  |TAMS 0x0000000711800000| PB 0x0000000711800000| Untracked 
|  95|0x0000000711a00000, 0x0000000711a00000, 0x0000000711c00000|  0%| F|  |TAMS 0x0000000711a00000| PB 0x0000000711a00000| Untracked 
|  96|0x0000000711c00000, 0x0000000711c00000, 0x0000000711e00000|  0%| F|  |TAMS 0x0000000711c00000| PB 0x0000000711c00000| Untracked 
|  97|0x0000000711e00000, 0x0000000711e00000, 0x0000000712000000|  0%| F|  |TAMS 0x0000000711e00000| PB 0x0000000711e00000| Untracked 
|  98|0x0000000712000000, 0x0000000712000000, 0x0000000712200000|  0%| F|  |TAMS 0x0000000712000000| PB 0x0000000712000000| Untracked 
|  99|0x0000000712200000, 0x0000000712200000, 0x0000000712400000|  0%| F|  |TAMS 0x0000000712200000| PB 0x0000000712200000| Untracked 
| 100|0x0000000712400000, 0x0000000712400000, 0x0000000712600000|  0%| F|  |TAMS 0x0000000712400000| PB 0x0000000712400000| Untracked 
| 101|0x0000000712600000, 0x0000000712600000, 0x0000000712800000|  0%| F|  |TAMS 0x0000000712600000| PB 0x0000000712600000| Untracked 
| 102|0x0000000712800000, 0x0000000712800000, 0x0000000712a00000|  0%| F|  |TAMS 0x0000000712800000| PB 0x0000000712800000| Untracked 
| 103|0x0000000712a00000, 0x0000000712a00000, 0x0000000712c00000|  0%| F|  |TAMS 0x0000000712a00000| PB 0x0000000712a00000| Untracked 
| 104|0x0000000712c00000, 0x0000000712c00000, 0x0000000712e00000|  0%| F|  |TAMS 0x0000000712c00000| PB 0x0000000712c00000| Untracked 
| 105|0x0000000712e00000, 0x0000000712e00000, 0x0000000713000000|  0%| F|  |TAMS 0x0000000712e00000| PB 0x0000000712e00000| Untracked 
| 106|0x0000000713000000, 0x0000000713000000, 0x0000000713200000|  0%| F|  |TAMS 0x0000000713000000| PB 0x0000000713000000| Untracked 
| 107|0x0000000713200000, 0x0000000713200000, 0x0000000713400000|  0%| F|  |TAMS 0x0000000713200000| PB 0x0000000713200000| Untracked 
| 108|0x0000000713400000, 0x0000000713400000, 0x0000000713600000|  0%| F|  |TAMS 0x0000000713400000| PB 0x0000000713400000| Untracked 
| 109|0x0000000713600000, 0x0000000713600000, 0x0000000713800000|  0%| F|  |TAMS 0x0000000713600000| PB 0x0000000713600000| Untracked 
| 110|0x0000000713800000, 0x0000000713800000, 0x0000000713a00000|  0%| F|  |TAMS 0x0000000713800000| PB 0x0000000713800000| Untracked 
| 111|0x0000000713a00000, 0x0000000713a3f640, 0x0000000713c00000| 12%| E|  |TAMS 0x0000000713a00000| PB 0x0000000713a00000| Complete 
| 112|0x0000000713c00000, 0x0000000713e00000, 0x0000000713e00000|100%| E|CS|TAMS 0x0000000713c00000| PB 0x0000000713c00000| Complete 
| 113|0x0000000713e00000, 0x0000000713fef510, 0x0000000714000000| 96%| S|CS|TAMS 0x0000000713e00000| PB 0x0000000713e00000| Complete 
| 114|0x0000000714000000, 0x0000000714200000, 0x0000000714200000|100%| S|CS|TAMS 0x0000000714000000| PB 0x0000000714000000| Complete 
| 115|0x0000000714200000, 0x0000000714400000, 0x0000000714400000|100%| E|CS|TAMS 0x0000000714200000| PB 0x0000000714200000| Complete 
| 116|0x0000000714400000, 0x0000000714600000, 0x0000000714600000|100%| E|CS|TAMS 0x0000000714400000| PB 0x0000000714400000| Complete 
| 117|0x0000000714600000, 0x0000000714800000, 0x0000000714800000|100%| E|CS|TAMS 0x0000000714600000| PB 0x0000000714600000| Complete 
| 118|0x0000000714800000, 0x0000000714a00000, 0x0000000714a00000|100%| E|CS|TAMS 0x0000000714800000| PB 0x0000000714800000| Complete 
| 119|0x0000000714a00000, 0x0000000714c00000, 0x0000000714c00000|100%| E|CS|TAMS 0x0000000714a00000| PB 0x0000000714a00000| Complete 
| 120|0x0000000714c00000, 0x0000000714e00000, 0x0000000714e00000|100%| E|CS|TAMS 0x0000000714c00000| PB 0x0000000714c00000| Complete 
| 121|0x0000000714e00000, 0x0000000715000000, 0x0000000715000000|100%| E|CS|TAMS 0x0000000714e00000| PB 0x0000000714e00000| Complete 
| 122|0x0000000715000000, 0x0000000715200000, 0x0000000715200000|100%| E|CS|TAMS 0x0000000715000000| PB 0x0000000715000000| Complete 
| 123|0x0000000715200000, 0x0000000715400000, 0x0000000715400000|100%| E|  |TAMS 0x0000000715200000| PB 0x0000000715200000| Complete 
| 124|0x0000000715400000, 0x0000000715600000, 0x0000000715600000|100%| E|CS|TAMS 0x0000000715400000| PB 0x0000000715400000| Complete 
| 125|0x0000000715600000, 0x0000000715800000, 0x0000000715800000|100%| E|CS|TAMS 0x0000000715600000| PB 0x0000000715600000| Complete 

Card table byte_map: [0x000001d8aba90000,0x000001d8ac270000] _byte_map_base: 0x000001d8a8262000

Marking Bits: (CMBitMap*) 0x000001d89169f930
 Bits: [0x000001d8ac270000, 0x000001d8b0100000)

Polling page: 0x000001d891700000

Metaspace:

Usage:
  Non-class:      7.09 MB used.
      Class:      1.10 MB used.
       Both:      8.19 MB used.

Virtual space:
  Non-class space:       64.00 MB reserved,       7.25 MB ( 11%) committed,  1 nodes.
      Class space:        1.00 GB reserved,       1.19 MB ( <1%) committed,  1 nodes.
             Both:        1.06 GB reserved,       8.44 MB ( <1%) committed. 

Chunk freelists:
   Non-Class:  6.86 MB
       Class:  14.78 MB
        Both:  21.64 MB

MaxMetaspaceSize: unlimited
CompressedClassSpaceSize: 1.00 GB
Initial GC threshold: 21.00 MB
Current GC threshold: 21.00 MB
CDS: on
 - commit_granule_bytes: 65536.
 - commit_granule_words: 8192.
 - virtual_space_node_default_size: 8388608.
 - enlarge_chunks_in_place: 1.
 - use_allocation_guard: 0.


Internal statistics:

num_allocs_failed_limit: 0.
num_arena_births: 140.
num_arena_deaths: 0.
num_vsnodes_births: 2.
num_vsnodes_deaths: 0.
num_space_committed: 135.
num_space_uncommitted: 0.
num_chunks_returned_to_freelist: 0.
num_chunks_taken_from_freelist: 411.
num_chunk_merges: 0.
num_chunk_splits: 291.
num_chunks_enlarged: 221.
num_inconsistent_stats: 0.

CodeHeap 'non-profiled nmethods': size=119168Kb used=508Kb max_used=508Kb free=118659Kb
 bounds [0x000001d8a2c50000, 0x000001d8a2ec0000, 0x000001d8aa0b0000]
CodeHeap 'profiled nmethods': size=119104Kb used=2186Kb max_used=2186Kb free=116917Kb
 bounds [0x000001d89b0b0000, 0x000001d89b320000, 0x000001d8a2500000]
CodeHeap 'non-nmethods': size=7488Kb used=3310Kb max_used=3316Kb free=4177Kb
 bounds [0x000001d8a2500000, 0x000001d8a2840000, 0x000001d8a2c50000]
 total_blobs=1948 nmethods=1275 adapters=575
 compilation: enabled
              stopped_count=0, restarted_count=0
 full_count=0

Compilation events (20 events):
Event: 0.753 Thread 0x000001d8b3608ec0 nmethod 1265 0x000001d8a2cce910 code [0x000001d8a2cceaa0, 0x000001d8a2cceb70]
Event: 0.753 Thread 0x000001d8b3608ec0 1269       3       java.lang.StringLatin1::compareTo (41 bytes)
Event: 0.753 Thread 0x000001d8b3709a50 nmethod 1268 0x000001d89b2cf510 code [0x000001d89b2cf6c0, 0x000001d89b2cf7e8]
Event: 0.753 Thread 0x000001d8b3709a50 1266       1       javafx.css.Declaration::getProperty (5 bytes)
Event: 0.753 Thread 0x000001d8b3709a50 nmethod 1266 0x000001d8a2ccec10 code [0x000001d8a2cceda0, 0x000001d8a2ccee70]
Event: 0.753 Thread 0x000001d8b3709a50 1271       3       com.sun.javafx.css.CascadingStyle::getProperty (11 bytes)
Event: 0.753 Thread 0x000001d8b3709a50 nmethod 1271 0x000001d89b2cf910 code [0x000001d89b2cfac0, 0x000001d89b2cfc18]
Event: 0.753 Thread 0x000001d8b33de850 nmethod 1270 0x000001d89b2cfd10 code [0x000001d89b2cff00, 0x000001d89b2d0310]
Event: 0.753 Thread 0x000001d8b37093b0 nmethod 1267 0x000001d89b2d0510 code [0x000001d89b2d0720, 0x000001d89b2d0bb8]
Event: 0.753 Thread 0x000001d8b33de850 1272       3       java.lang.StringLatin1::getChar (9 bytes)
Event: 0.753 Thread 0x000001d8b3608ec0 nmethod 1269 0x000001d89b2d0d90 code [0x000001d89b2d0f60, 0x000001d89b2d12c8]
Event: 0.753 Thread 0x000001d8b3709a50 1273       3       com.sun.javafx.css.StyleMap$$Lambda/0x000001d8b5100858::compare (12 bytes)
Event: 0.753 Thread 0x000001d8b37093b0 1274       3       com.sun.javafx.css.StyleMap::lambda$static$0 (31 bytes)
Event: 0.753 Thread 0x000001d8b33de850 nmethod 1272 0x000001d89b2d1490 code [0x000001d89b2d1620, 0x000001d89b2d1740]
Event: 0.753 Thread 0x000001d8b3709a50 nmethod 1273 0x000001d89b2d1810 code [0x000001d89b2d19c0, 0x000001d89b2d1ce0]
Event: 0.753 Thread 0x000001d8b33de850 1275       3       java.util.HashMap::get (19 bytes)
Event: 0.753 Thread 0x000001d8b37093b0 nmethod 1274 0x000001d89b2d1e10 code [0x000001d89b2d2000, 0x000001d89b2d2370]
Event: 0.754 Thread 0x000001d8b33de850 nmethod 1275 0x000001d89b2d2590 code [0x000001d89b2d2740, 0x000001d89b2d2900]
Event: 0.755 Thread 0x000001d8b3709a50 1276       1       javafx.css.CssMetaData::getProperty (5 bytes)
Event: 0.755 Thread 0x000001d8b3709a50 nmethod 1276 0x000001d8a2ccef10 code [0x000001d8a2ccf0a0, 0x000001d8a2ccf170]

GC Heap History (2 events):
Event: 0.510 GC heap before
{Heap before GC invocations=0 (full 0):
 garbage-first heap   total 258048K, used 22528K [0x0000000705c00000, 0x0000000800000000)
  region size 2048K, 11 young (22528K), 0 survivors (0K)
 Metaspace       used 3491K, committed 3584K, reserved 1114112K
  class space    used 352K, committed 384K, reserved 1048576K
}
Event: 0.512 GC heap after
{Heap after GC invocations=1 (full 0):
 garbage-first heap   total 258048K, used 4029K [0x0000000705c00000, 0x0000000800000000)
  region size 2048K, 2 young (4096K), 2 survivors (4096K)
 Metaspace       used 3491K, committed 3584K, reserved 1114112K
  class space    used 352K, committed 384K, reserved 1048576K
}

Dll operation events (20 events):
Event: 0.264 Loaded shared library C:\Program Files\Java\jdk-21\bin\api-ms-win-crt-locale-l1-1-0.dll
Event: 0.266 Loaded shared library C:\Program Files\Java\jdk-21\bin\api-ms-win-crt-math-l1-1-0.dll
Event: 0.267 Loaded shared library C:\Program Files\Java\jdk-21\bin\api-ms-win-crt-multibyte-l1-1-0.dll
Event: 0.269 Loaded shared library C:\Program Files\Java\jdk-21\bin\api-ms-win-crt-private-l1-1-0.dll
Event: 0.270 Loaded shared library C:\Program Files\Java\jdk-21\bin\api-ms-win-crt-process-l1-1-0.dll
Event: 0.271 Loaded shared library C:\Program Files\Java\jdk-21\bin\api-ms-win-crt-runtime-l1-1-0.dll
Event: 0.273 Loaded shared library C:\Program Files\Java\jdk-21\bin\api-ms-win-crt-stdio-l1-1-0.dll
Event: 0.274 Loaded shared library C:\Program Files\Java\jdk-21\bin\api-ms-win-crt-string-l1-1-0.dll
Event: 0.275 Loaded shared library C:\Program Files\Java\jdk-21\bin\api-ms-win-crt-time-l1-1-0.dll
Event: 0.276 Loaded shared library C:\Program Files\Java\jdk-21\bin\api-ms-win-crt-utility-l1-1-0.dll
Event: 0.278 Loaded shared library C:\Program Files\Java\jdk-21\bin\ucrtbase.dll
Event: 0.278 Loaded shared library C:\Program Files\Java\jdk-21\bin\vcruntime140.dll
Event: 0.279 Loaded shared library C:\Program Files\Java\jdk-21\bin\vcruntime140_1.dll
Event: 0.280 Loaded shared library C:\Program Files\Java\jdk-21\bin\msvcp140.dll
Event: 0.281 Loaded shared library C:\Windows\System32\msvcp140_1.dll
Event: 0.282 Loaded shared library C:\Windows\System32\msvcp140_2.dll
Event: 0.312 Loaded shared library C:\Users\omara\OneDrive\Desktop\SAHL\bin\prism_d3d.dll
Event: 0.387 Loaded shared library C:\Users\omara\OneDrive\Desktop\SAHL\bin\glass.dll
Event: 0.591 Loaded shared library C:\Users\omara\OneDrive\Desktop\SAHL\bin\javafx_font.dll
Event: 0.664 Loaded shared library C:\Program Files\Java\jdk-21\bin\jimage.dll

Deoptimization events (20 events):
Event: 0.752 Thread 0x000001d8f9a06f90 Uncommon trap: trap_request=0xffffff45 fr.pc=0x000001d8a2cbe604 relative=0x0000000000000324
Event: 0.752 Thread 0x000001d8f9a06f90 Uncommon trap: reason=unstable_if action=reinterpret pc=0x000001d8a2cbe604 method=java.util.HashMap.hash(Ljava/lang/Object;)I @ 1 c2
Event: 0.752 Thread 0x000001d8f9a06f90 DEOPT PACKING pc=0x000001d8a2cbe604 sp=0x000000bb558fd730
Event: 0.752 Thread 0x000001d8f9a06f90 DEOPT UNPACKING pc=0x000001d8a25546a2 sp=0x000000bb558fd5c8 mode 2
Event: 0.754 Thread 0x000001d8f9a06f90 Uncommon trap: trap_request=0xffffffde fr.pc=0x000001d8a2c614d0 relative=0x00000000000001b0
Event: 0.754 Thread 0x000001d8f9a06f90 Uncommon trap: reason=class_check action=maybe_recompile pc=0x000001d8a2c614d0 method=java.lang.String.equals(Ljava/lang/Object;)Z @ 8 c2
Event: 0.754 Thread 0x000001d8f9a06f90 DEOPT PACKING pc=0x000001d8a2c614d0 sp=0x000000bb558fd770
Event: 0.754 Thread 0x000001d8f9a06f90 DEOPT UNPACKING pc=0x000001d8a25546a2 sp=0x000000bb558fd708 mode 2
Event: 0.754 Thread 0x000001d8f9a06f90 Uncommon trap: trap_request=0xffffffde fr.pc=0x000001d8a2c614d0 relative=0x00000000000001b0
Event: 0.754 Thread 0x000001d8f9a06f90 Uncommon trap: reason=class_check action=maybe_recompile pc=0x000001d8a2c614d0 method=java.lang.String.equals(Ljava/lang/Object;)Z @ 8 c2
Event: 0.754 Thread 0x000001d8f9a06f90 DEOPT PACKING pc=0x000001d8a2c614d0 sp=0x000000bb558fd680
Event: 0.754 Thread 0x000001d8f9a06f90 DEOPT UNPACKING pc=0x000001d8a25546a2 sp=0x000000bb558fd618 mode 2
Event: 0.754 Thread 0x000001d8f9a06f90 Uncommon trap: trap_request=0xffffffde fr.pc=0x000001d8a2c614d0 relative=0x00000000000001b0
Event: 0.754 Thread 0x000001d8f9a06f90 Uncommon trap: reason=class_check action=maybe_recompile pc=0x000001d8a2c614d0 method=java.lang.String.equals(Ljava/lang/Object;)Z @ 8 c2
Event: 0.754 Thread 0x000001d8f9a06f90 DEOPT PACKING pc=0x000001d8a2c614d0 sp=0x000000bb558fd680
Event: 0.754 Thread 0x000001d8f9a06f90 DEOPT UNPACKING pc=0x000001d8a25546a2 sp=0x000000bb558fd618 mode 2
Event: 0.763 Thread 0x000001d8f9a06f90 Uncommon trap: trap_request=0xffffff45 fr.pc=0x000001d8a2c6bd98 relative=0x00000000000001f8
Event: 0.763 Thread 0x000001d8f9a06f90 Uncommon trap: reason=unstable_if action=reinterpret pc=0x000001d8a2c6bd98 method=java.lang.String.isLatin1()Z @ 10 c2
Event: 0.763 Thread 0x000001d8f9a06f90 DEOPT PACKING pc=0x000001d8a2c6bd98 sp=0x000000bb558fd530
Event: 0.763 Thread 0x000001d8f9a06f90 DEOPT UNPACKING pc=0x000001d8a25546a2 sp=0x000000bb558fd458 mode 2

Classes loaded (20 events):
Event: 0.662 Loading class java/io/FilePermission$1
Event: 0.662 Loading class jdk/internal/access/JavaIOFilePermissionAccess
Event: 0.662 Loading class jdk/internal/access/JavaIOFilePermissionAccess done
Event: 0.662 Loading class java/io/FilePermission$1 done
Event: 0.666 Loading class jdk/internal/logger/LoggerFinderLoader$TemporaryLoggerFinder
Event: 0.667 Loading class jdk/internal/logger/LoggerFinderLoader$TemporaryLoggerFinder done
Event: 0.669 Loading class sun/util/logging/internal/LoggingProviderImpl$JULWrapper
Event: 0.669 Loading class sun/util/logging/PlatformLogger$ConfigurableBridge$LoggerConfiguration
Event: 0.669 Loading class sun/util/logging/PlatformLogger$ConfigurableBridge$LoggerConfiguration done
Event: 0.669 Loading class sun/util/logging/internal/LoggingProviderImpl$JULWrapper done
Event: 0.691 Loading class java/lang/System$Logger$Level
Event: 0.691 Loading class java/lang/System$Logger$Level done
Event: 0.695 Loading class java/util/LinkedList$Node
Event: 0.695 Loading class java/util/LinkedList$Node done
Event: 0.699 Loading class java/util/ResourceBundle$3
Event: 0.699 Loading class java/util/ResourceBundle$3 done
Event: 0.725 Loading class java/util/Vector
Event: 0.726 Loading class java/util/Vector done
Event: 0.737 Loading class jdk/jfr/FlightRecorder
Event: 0.737 Loading class jdk/jfr/FlightRecorder done

Classes unloaded (0 events):
No events

Classes redefined (0 events):
No events

Internal exceptions (20 events):
Event: 0.164 Thread 0x000001d8910f46b0 Exception <a 'java/lang/NoSuchMethodError'{0x0000000714d5bf98}: 'void java.lang.invoke.DirectMethodHandle$Holder.invokeStatic(java.lang.Object, java.lang.Object, java.lang.Object)'> (0x0000000714d5bf98) 
thrown [s\open\src\hotspot\share\interpreter\linkResolver.cpp, line 773]
Event: 0.168 Thread 0x000001d8910f46b0 Exception <a 'java/lang/NoSuchMethodError'{0x0000000714a081f0}: 'java.lang.Object java.lang.invoke.Invokers$Holder.invokeExact_MT(java.lang.Object, java.lang.Object, java.lang.Object, java.lang.Object, java.lang.Object)'> (0x0000000714a081f0) 
thrown [s\open\src\hotspot\share\interpreter\linkResolver.cpp, line 773]
Event: 0.180 Thread 0x000001d8910f46b0 Exception <a 'java/lang/NoSuchMethodError'{0x0000000714b1b1f0}: 'void java.lang.invoke.DirectMethodHandle$Holder.invokeStatic(java.lang.Object, java.lang.Object, java.lang.Object, java.lang.Object)'> (0x0000000714b1b1f0) 
thrown [s\open\src\hotspot\share\interpreter\linkResolver.cpp, line 773]
Event: 0.181 Thread 0x000001d8910f46b0 Exception <a 'java/lang/NoSuchMethodError'{0x0000000714b1eea0}: 'void java.lang.invoke.DirectMethodHandle$Holder.invokeSpecial(java.lang.Object, java.lang.Object, java.lang.Object, java.lang.Object, java.lang.Object)'> (0x0000000714b1eea0) 
thrown [s\open\src\hotspot\share\interpreter\linkResolver.cpp, line 773]
Event: 0.182 Thread 0x000001d8f90a3a40 Exception <a 'java/lang/NoSuchMethodError'{0x0000000714a78c20}: 'void java.lang.invoke.DirectMethodHandle$Holder.invokeStatic(java.lang.Object, java.lang.Object)'> (0x0000000714a78c20) 
thrown [s\open\src\hotspot\share\interpreter\linkResolver.cpp, line 773]
Event: 0.184 Thread 0x000001d8910f46b0 Exception <a 'java/lang/NoSuchMethodError'{0x0000000714b30788}: 'java.lang.Object java.lang.invoke.Invokers$Holder.invokeExact_MT(java.lang.Object, java.lang.Object, java.lang.Object, java.lang.Object, java.lang.Object, java.lang.Object)'> (0x0000000714b30788) 
thrown [s\open\src\hotspot\share\interpreter\linkResolver.cpp, line 773]
Event: 0.299 Thread 0x000001d8910f46b0 Exception <a 'java/lang/NoSuchMethodError'{0x0000000714716bc8}: 'void java.lang.invoke.DirectMethodHandle$Holder.invokeSpecial(java.lang.Object, java.lang.Object, java.lang.Object)'> (0x0000000714716bc8) 
thrown [s\open\src\hotspot\share\interpreter\linkResolver.cpp, line 773]
Event: 0.376 Thread 0x000001d8910f46b0 Exception <a 'java/lang/NoSuchMethodError'{0x00000007147e0ca0}: 'int java.lang.invoke.DirectMethodHandle$Holder.invokeStaticInit(java.lang.Object, java.lang.Object, java.lang.Object)'> (0x00000007147e0ca0) 
thrown [s\open\src\hotspot\share\interpreter\linkResolver.cpp, line 773]
Event: 0.390 Thread 0x000001d8910f46b0 Exception <a 'java/lang/NoSuchMethodError'{0x00000007144bae18}: 'java.lang.Object java.lang.invoke.DirectMethodHandle$Holder.newInvokeSpecial(java.lang.Object, java.lang.Object, int, java.lang.Object)'> (0x00000007144bae18) 
thrown [s\open\src\hotspot\share\interpreter\linkResolver.cpp, line 773]
Event: 0.390 Thread 0x000001d8910f46b0 Exception <a 'java/lang/NoSuchMethodError'{0x00000007144bef80}: 'java.lang.Object java.lang.invoke.DirectMethodHandle$Holder.invokeSpecial(java.lang.Object, java.lang.Object, java.lang.Object, int, java.lang.Object)'> (0x00000007144bef80) 
thrown [s\open\src\hotspot\share\interpreter\linkResolver.cpp, line 773]
Event: 0.514 Thread 0x000001d8f9a06f90 Exception <a 'java/lang/NoSuchMethodError'{0x0000000715638d98}: 'void java.lang.invoke.DirectMethodHandle$Holder.invokeStaticInit(java.lang.Object)'> (0x0000000715638d98) 
thrown [s\open\src\hotspot\share\interpreter\linkResolver.cpp, line 773]
Event: 0.517 Thread 0x000001d8910f46b0 Exception <a 'java/lang/NoSuchMethodError'{0x00000007156d80b8}: 'java.lang.Object java.lang.invoke.DirectMethodHandle$Holder.newInvokeSpecial(java.lang.Object, java.lang.Object, java.lang.Object, java.lang.Object, java.lang.Object, java.lang.Object)'> (0x00000007156d80b8) 
thrown [s\open\src\hotspot\share\interpreter\linkResolver.cpp, line 773]
Event: 0.528 Thread 0x000001d8910f46b0 Exception <a 'java/lang/NoSuchMethodError'{0x000000071570d438}: 'java.lang.Object java.lang.invoke.DirectMethodHandle$Holder.newInvokeSpecial(java.lang.Object, java.lang.Object, java.lang.Object, java.lang.Object, java.lang.Object)'> (0x000000071570d438) 
thrown [s\open\src\hotspot\share\interpreter\linkResolver.cpp, line 773]
Event: 0.562 Thread 0x000001d8f9a06f90 Exception <a 'java/lang/NoSuchMethodError'{0x0000000714eec8d8}: 'java.lang.Object java.lang.invoke.DirectMethodHandle$Holder.invokeStaticInit(java.lang.Object, java.lang.Object, java.lang.Object, java.lang.Object)'> (0x0000000714eec8d8) 
thrown [s\open\src\hotspot\share\interpreter\linkResolver.cpp, line 773]
Event: 0.563 Thread 0x000001d8f9a06f90 Exception <a 'java/lang/NullPointerException'{0x0000000714efd690}> (0x0000000714efd690) 
thrown [s\open\src\hotspot\share\interpreter\linkResolver.cpp, line 1372]
Event: 0.575 Thread 0x000001d8f9a06f90 Exception <a 'java/lang/ClassNotFoundException'{0x0000000714f72080}: com/sun/glass/ui/win/themes> (0x0000000714f72080) 
thrown [s\open\src\hotspot\share\prims\jni.cpp, line 539]
Event: 0.577 Thread 0x000001d8f9a06f90 Exception <a 'java/lang/ClassNotFoundException'{0x0000000714f7d608}: com/sun/glass/ui/win/themes_en> (0x0000000714f7d608) 
thrown [s\open\src\hotspot\share\prims\jni.cpp, line 539]
Event: 0.577 Thread 0x000001d8f9a06f90 Exception <a 'java/lang/ClassNotFoundException'{0x0000000714f85170}: com/sun/glass/ui/win/themes_en_US> (0x0000000714f85170) 
thrown [s\open\src\hotspot\share\prims\jni.cpp, line 539]
Event: 0.648 Thread 0x000001d8f9a06f90 Exception <a 'java/lang/NoSuchMethodError'{0x00000007149eab70}: 'void java.lang.invoke.DirectMethodHandle$Holder.invokeStaticInit(java.lang.Object, java.lang.Object)'> (0x00000007149eab70) 
thrown [s\open\src\hotspot\share\interpreter\linkResolver.cpp, line 773]
Event: 0.752 Thread 0x000001d8f9a06f90 Implicit null exception at 0x000001d8a2cbe33d to 0x000001d8a2cbe5ec

ZGC Phase Switch (0 events):
No events

VM Operations (14 events):
Event: 0.113 Executing VM operation: HandshakeAllThreads (Deoptimize)
Event: 0.113 Executing VM operation: HandshakeAllThreads (Deoptimize) done
Event: 0.114 Executing VM operation: HandshakeAllThreads (Deoptimize)
Event: 0.114 Executing VM operation: HandshakeAllThreads (Deoptimize) done
Event: 0.173 Executing VM operation: HandshakeAllThreads (Deoptimize)
Event: 0.173 Executing VM operation: HandshakeAllThreads (Deoptimize) done
Event: 0.183 Executing VM operation: HandshakeAllThreads (Deoptimize)
Event: 0.183 Executing VM operation: HandshakeAllThreads (Deoptimize) done
Event: 0.384 Executing VM operation: HandshakeAllThreads (Deoptimize)
Event: 0.384 Executing VM operation: HandshakeAllThreads (Deoptimize) done
Event: 0.510 Executing VM operation: G1CollectForAllocation (G1 Evacuation Pause)
Event: 0.512 Executing VM operation: G1CollectForAllocation (G1 Evacuation Pause) done
Event: 0.595 Executing VM operation: HandshakeAllThreads (Deoptimize)
Event: 0.595 Executing VM operation: HandshakeAllThreads (Deoptimize) done

Events (20 events):
Event: 0.054 Thread 0x000001d8b3608860 Thread added: 0x000001d8b3608860
Event: 0.061 Thread 0x000001d8b3608ec0 Thread added: 0x000001d8b3608ec0
Event: 0.082 Thread 0x000001d8b37093b0 Thread added: 0x000001d8b37093b0
Event: 0.082 Thread 0x000001d8b3709a50 Thread added: 0x000001d8b3709a50
Event: 0.082 Thread 0x000001d8b370e100 Thread added: 0x000001d8b370e100
Event: 0.089 Thread 0x000001d8b36a8100 Thread added: 0x000001d8b36a8100
Event: 0.091 Thread 0x000001d8b38306f0 Thread added: 0x000001d8b38306f0
Event: 0.091 Thread 0x000001d8b3832250 Thread added: 0x000001d8b3832250
Event: 0.118 Thread 0x000001d8b3834460 Thread added: 0x000001d8b3834460
Event: 0.120 Thread 0x000001d8b3830de0 Thread added: 0x000001d8b3830de0
Event: 0.170 Thread 0x000001d8f90a3a40 Thread added: 0x000001d8f90a3a40
Event: 0.170 Thread 0x000001d8f98d0060 Thread added: 0x000001d8f98d0060
Event: 0.307 Thread 0x000001d8f932ac70 Thread added: 0x000001d8f932ac70
Event: 0.373 Thread 0x000001d8b3830de0 Thread exited: 0x000001d8b3830de0
Event: 0.388 Thread 0x000001d8f99fe8c0 Thread added: 0x000001d8f99fe8c0
Event: 0.392 Thread 0x000001d8f9a06f90 Thread added: 0x000001d8f9a06f90
Event: 0.495 Thread 0x000001d8b3834460 Thread exited: 0x000001d8b3834460
Event: 0.496 Thread 0x000001d8b3832250 Thread exited: 0x000001d8b3832250
Event: 0.529 Thread 0x000001d8f9fce830 Thread added: 0x000001d8f9fce830
Event: 0.535 Thread 0x000001d8f9f8d2b0 Thread added: 0x000001d8f9f8d2b0


Dynamic libraries:
0x00007ff7dd100000 - 0x00007ff7dd110000 	C:\Program Files\Java\jdk-21\bin\java.exe
0x00007ff9c5820000 - 0x00007ff9c5a87000 	C:\WINDOWS\SYSTEM32\ntdll.dll
0x00007ff9c4ac0000 - 0x00007ff9c4b89000 	C:\WINDOWS\System32\KERNEL32.DLL
0x00007ff9c2950000 - 0x00007ff9c2d40000 	C:\WINDOWS\System32\KERNELBASE.dll
0x00007ff9c33d0000 - 0x00007ff9c351b000 	C:\WINDOWS\System32\ucrtbase.dll
0x00007ff9a60a0000 - 0x00007ff9a60bb000 	C:\Program Files\Java\jdk-21\bin\VCRUNTIME140.dll
0x00007ff9b8cf0000 - 0x00007ff9b8d09000 	C:\Program Files\Java\jdk-21\bin\jli.dll
0x00007ff9c5720000 - 0x00007ff9c57d4000 	C:\WINDOWS\System32\ADVAPI32.dll
0x00007ff9c49c0000 - 0x00007ff9c4a69000 	C:\WINDOWS\System32\msvcrt.dll
0x00007ff9c5170000 - 0x00007ff9c5216000 	C:\WINDOWS\System32\sechost.dll
0x00007ff9c55c0000 - 0x00007ff9c56d8000 	C:\WINDOWS\System32\RPCRT4.dll
0x00007ff9c3fd0000 - 0x00007ff9c4195000 	C:\WINDOWS\System32\USER32.dll
0x00007ff9c2ff0000 - 0x00007ff9c3017000 	C:\WINDOWS\System32\win32u.dll
0x00007ff9c35b0000 - 0x00007ff9c35db000 	C:\WINDOWS\System32\GDI32.dll
0x00007ff9a7750000 - 0x00007ff9a79ea000 	C:\WINDOWS\WinSxS\amd64_microsoft.windows.common-controls_6595b64144ccf1df_6.0.26100.4768_none_3e0c112ce331287c\COMCTL32.dll
0x00007ff9c2eb0000 - 0x00007ff9c2fe8000 	C:\WINDOWS\System32\gdi32full.dll
0x00007ff9c31a0000 - 0x00007ff9c3243000 	C:\WINDOWS\System32\msvcp_win.dll
0x00007ff9bb980000 - 0x00007ff9bb98b000 	C:\WINDOWS\SYSTEM32\VERSION.dll
0x00007ff9c3d90000 - 0x00007ff9c3dbf000 	C:\WINDOWS\System32\IMM32.DLL
0x00007ff9b8bd0000 - 0x00007ff9b8bdc000 	C:\Program Files\Java\jdk-21\bin\vcruntime140_1.dll
0x00007ff9779f0000 - 0x00007ff977a7e000 	C:\Program Files\Java\jdk-21\bin\msvcp140.dll
0x00007ff92bcc0000 - 0x00007ff92c9dd000 	C:\Program Files\Java\jdk-21\bin\server\jvm.dll
0x00007ff9c4940000 - 0x00007ff9c49b4000 	C:\WINDOWS\System32\WS2_32.dll
0x00007ff9c2340000 - 0x00007ff9c239e000 	C:\WINDOWS\SYSTEM32\POWRPROF.dll
0x00007ff9b0880000 - 0x00007ff9b08b5000 	C:\WINDOWS\SYSTEM32\WINMM.dll
0x00007ff9c2320000 - 0x00007ff9c2334000 	C:\WINDOWS\SYSTEM32\UMPDC.dll
0x00007ff9c1740000 - 0x00007ff9c175b000 	C:\WINDOWS\SYSTEM32\kernel.appcore.dll
0x00007ff9a7d80000 - 0x00007ff9a7d8a000 	C:\Program Files\Java\jdk-21\bin\jimage.dll
0x00007ff9bfcd0000 - 0x00007ff9bff11000 	C:\WINDOWS\SYSTEM32\DBGHELP.DLL
0x00007ff9c4de0000 - 0x00007ff9c5165000 	C:\WINDOWS\System32\combase.dll
0x00007ff9c4850000 - 0x00007ff9c4930000 	C:\WINDOWS\System32\OLEAUT32.dll
0x00007ff9a02f0000 - 0x00007ff9a0333000 	C:\WINDOWS\SYSTEM32\dbgcore.DLL
0x00007ff9c2e10000 - 0x00007ff9c2ea9000 	C:\WINDOWS\System32\bcryptPrimitives.dll
0x00007ff9a6090000 - 0x00007ff9a609f000 	C:\Program Files\Java\jdk-21\bin\instrument.dll
0x00007ff9a6070000 - 0x00007ff9a608f000 	C:\Program Files\Java\jdk-21\bin\java.dll
0x00007ff9c3640000 - 0x00007ff9c3d8d000 	C:\WINDOWS\System32\SHELL32.dll
0x00007ff9c3020000 - 0x00007ff9c3193000 	C:\WINDOWS\System32\wintypes.dll
0x00007ff9c0530000 - 0x00007ff9c0d90000 	C:\WINDOWS\SYSTEM32\windows.storage.dll
0x00007ff9c4210000 - 0x00007ff9c4305000 	C:\WINDOWS\System32\SHCORE.dll
0x00007ff9c41a0000 - 0x00007ff9c420a000 	C:\WINDOWS\System32\shlwapi.dll
0x00007ff9c2870000 - 0x00007ff9c2899000 	C:\WINDOWS\SYSTEM32\profapi.dll
0x00007ff95a2d0000 - 0x00007ff95a3a7000 	C:\Program Files\Java\jdk-21\bin\jsvml.dll
0x00007ff9a6060000 - 0x00007ff9a6070000 	C:\Program Files\Java\jdk-21\bin\net.dll
0x00007ff9bb320000 - 0x00007ff9bb43e000 	C:\WINDOWS\SYSTEM32\WINHTTP.dll
0x00007ff9c1cd0000 - 0x00007ff9c1d3b000 	C:\WINDOWS\system32\mswsock.dll
0x00007ff9a6040000 - 0x00007ff9a6056000 	C:\Program Files\Java\jdk-21\bin\nio.dll
0x00007ff9950a0000 - 0x00007ff9950b8000 	C:\Program Files\Java\jdk-21\bin\zip.dll
0x00007ff99a990000 - 0x00007ff99a999000 	C:\Program Files\Java\jdk-21\bin\extnet.dll
0x000001d8b3910000 - 0x000001d8b3914000 	C:\Program Files\Java\jdk-21\bin\api-ms-win-core-console-l1-1-0.dll
0x000001d8b3920000 - 0x000001d8b3924000 	C:\Program Files\Java\jdk-21\bin\api-ms-win-core-console-l1-2-0.dll
0x000001d8b3930000 - 0x000001d8b3934000 	C:\Program Files\Java\jdk-21\bin\api-ms-win-core-datetime-l1-1-0.dll
0x000001d8b3940000 - 0x000001d8b3944000 	C:\Program Files\Java\jdk-21\bin\api-ms-win-core-debug-l1-1-0.dll
0x000001d8b3950000 - 0x000001d8b3954000 	C:\Program Files\Java\jdk-21\bin\api-ms-win-core-errorhandling-l1-1-0.dll
0x000001d8b3960000 - 0x000001d8b3965000 	C:\Program Files\Java\jdk-21\bin\api-ms-win-core-file-l1-1-0.dll
0x000001d8b3970000 - 0x000001d8b3974000 	C:\Program Files\Java\jdk-21\bin\api-ms-win-core-file-l1-2-0.dll
0x000001d8b3980000 - 0x000001d8b3984000 	C:\Program Files\Java\jdk-21\bin\api-ms-win-core-file-l2-1-0.dll
0x000001d8b3990000 - 0x000001d8b3994000 	C:\Program Files\Java\jdk-21\bin\api-ms-win-core-handle-l1-1-0.dll
0x000001d8b39a0000 - 0x000001d8b39a4000 	C:\Program Files\Java\jdk-21\bin\api-ms-win-core-heap-l1-1-0.dll
0x000001d8b39b0000 - 0x000001d8b39b4000 	C:\Program Files\Java\jdk-21\bin\api-ms-win-core-interlocked-l1-1-0.dll
0x000001d8b39c0000 - 0x000001d8b39c4000 	C:\Program Files\Java\jdk-21\bin\api-ms-win-core-libraryloader-l1-1-0.dll
0x000001d8b39d0000 - 0x000001d8b39d4000 	C:\Program Files\Java\jdk-21\bin\api-ms-win-core-localization-l1-2-0.dll
0x000001d8b39e0000 - 0x000001d8b39e4000 	C:\Program Files\Java\jdk-21\bin\api-ms-win-core-memory-l1-1-0.dll
0x000001d8b39f0000 - 0x000001d8b39f4000 	C:\Program Files\Java\jdk-21\bin\api-ms-win-core-namedpipe-l1-1-0.dll
0x000001d8b3a00000 - 0x000001d8b3a04000 	C:\Program Files\Java\jdk-21\bin\api-ms-win-core-processenvironment-l1-1-0.dll
0x000001d8b3a10000 - 0x000001d8b3a14000 	C:\Program Files\Java\jdk-21\bin\api-ms-win-core-processthreads-l1-1-0.dll
0x000001d8b3a20000 - 0x000001d8b3a24000 	C:\Program Files\Java\jdk-21\bin\api-ms-win-core-processthreads-l1-1-1.dll
0x000001d8b3a30000 - 0x000001d8b3a34000 	C:\Program Files\Java\jdk-21\bin\api-ms-win-core-profile-l1-1-0.dll
0x000001d8b3a40000 - 0x000001d8b3a44000 	C:\Program Files\Java\jdk-21\bin\api-ms-win-core-rtlsupport-l1-1-0.dll
0x000001d8b3a50000 - 0x000001d8b3a54000 	C:\Program Files\Java\jdk-21\bin\api-ms-win-core-string-l1-1-0.dll
0x000001d8b3a60000 - 0x000001d8b3a64000 	C:\Program Files\Java\jdk-21\bin\api-ms-win-core-synch-l1-1-0.dll
0x000001d8b3a70000 - 0x000001d8b3a74000 	C:\Program Files\Java\jdk-21\bin\api-ms-win-core-synch-l1-2-0.dll
0x000001d8b3a80000 - 0x000001d8b3a84000 	C:\Program Files\Java\jdk-21\bin\api-ms-win-core-sysinfo-l1-1-0.dll
0x000001d8b3a90000 - 0x000001d8b3a94000 	C:\Program Files\Java\jdk-21\bin\api-ms-win-core-timezone-l1-1-0.dll
0x000001d8b3aa0000 - 0x000001d8b3aa4000 	C:\Program Files\Java\jdk-21\bin\api-ms-win-core-util-l1-1-0.dll
0x000001d8b3ab0000 - 0x000001d8b3ab4000 	C:\Program Files\Java\jdk-21\bin\api-ms-win-crt-conio-l1-1-0.dll
0x000001d8b3ac0000 - 0x000001d8b3ac5000 	C:\Program Files\Java\jdk-21\bin\api-ms-win-crt-convert-l1-1-0.dll
0x000001d8b3ad0000 - 0x000001d8b3ad4000 	C:\Program Files\Java\jdk-21\bin\api-ms-win-crt-environment-l1-1-0.dll
0x000001d8b3ae0000 - 0x000001d8b3ae4000 	C:\Program Files\Java\jdk-21\bin\api-ms-win-crt-filesystem-l1-1-0.dll
0x000001d8b3af0000 - 0x000001d8b3af4000 	C:\Program Files\Java\jdk-21\bin\api-ms-win-crt-heap-l1-1-0.dll
0x000001d8b3b00000 - 0x000001d8b3b04000 	C:\Program Files\Java\jdk-21\bin\api-ms-win-crt-locale-l1-1-0.dll
0x000001d8b3b10000 - 0x000001d8b3b16000 	C:\Program Files\Java\jdk-21\bin\api-ms-win-crt-math-l1-1-0.dll
0x000001d8b3b20000 - 0x000001d8b3b26000 	C:\Program Files\Java\jdk-21\bin\api-ms-win-crt-multibyte-l1-1-0.dll
0x000001d8b3b30000 - 0x000001d8b3b41000 	C:\Program Files\Java\jdk-21\bin\api-ms-win-crt-private-l1-1-0.dll
0x000001d8b3b50000 - 0x000001d8b3b54000 	C:\Program Files\Java\jdk-21\bin\api-ms-win-crt-process-l1-1-0.dll
0x000001d8b3b60000 - 0x000001d8b3b65000 	C:\Program Files\Java\jdk-21\bin\api-ms-win-crt-runtime-l1-1-0.dll
0x000001d8b3b70000 - 0x000001d8b3b75000 	C:\Program Files\Java\jdk-21\bin\api-ms-win-crt-stdio-l1-1-0.dll
0x000001d8b3b80000 - 0x000001d8b3b85000 	C:\Program Files\Java\jdk-21\bin\api-ms-win-crt-string-l1-1-0.dll
0x000001d8b3b90000 - 0x000001d8b3b94000 	C:\Program Files\Java\jdk-21\bin\api-ms-win-crt-time-l1-1-0.dll
0x000001d8b3ba0000 - 0x000001d8b3ba4000 	C:\Program Files\Java\jdk-21\bin\api-ms-win-crt-utility-l1-1-0.dll
0x00007ff959fc0000 - 0x00007ff95a0d1000 	C:\Program Files\Java\jdk-21\bin\ucrtbase.dll
0x00007ff991a00000 - 0x00007ff991a09000 	C:\Windows\System32\msvcp140_1.dll
0x00007ff9854f0000 - 0x00007ff985534000 	C:\Windows\System32\msvcp140_2.dll
0x00007ff9854c0000 - 0x00007ff9854f0000 	C:\Users\omara\OneDrive\Desktop\SAHL\bin\prism_d3d.dll
0x00007ff9924b0000 - 0x00007ff99266b000 	C:\WINDOWS\system32\d3d9.dll
0x00007ff9bf990000 - 0x00007ff9bf9c5000 	C:\WINDOWS\SYSTEM32\dwmapi.dll
0x00007ff9bf760000 - 0x00007ff9bf7ad000 	C:\WINDOWS\SYSTEM32\dxcore.dll
0x00007ff9bf610000 - 0x00007ff9bf6bf000 	C:\WINDOWS\system32\uxtheme.dll
0x00007ff9b9490000 - 0x00007ff9b9554000 	C:\WINDOWS\System32\DriverStore\FileRepository\nvami.inf_amd64_60e995a01594d69e\nvldumdx.dll
0x00007ff9c20c0000 - 0x00007ff9c20d3000 	C:\WINDOWS\SYSTEM32\msasn1.dll
0x00007ff9b9390000 - 0x00007ff9b93cb000 	C:\WINDOWS\SYSTEM32\cryptnet.dll
0x00007ff9c3250000 - 0x00007ff9c33c7000 	C:\WINDOWS\System32\CRYPT32.dll
0x00007ff9c1fb0000 - 0x00007ff9c1fbc000 	C:\WINDOWS\SYSTEM32\cryptbase.dll
0x00007ff9c2050000 - 0x00007ff9c20bb000 	C:\WINDOWS\SYSTEM32\wldp.dll
0x00007ff9b91f0000 - 0x00007ff9b936c000 	C:\WINDOWS\SYSTEM32\drvstore.dll
0x00007ff9c2620000 - 0x00007ff9c264d000 	C:\WINDOWS\SYSTEM32\devobj.dll
0x00007ff9c25c0000 - 0x00007ff9c2617000 	C:\WINDOWS\SYSTEM32\cfgmgr32.dll
0x00007ff9c3520000 - 0x00007ff9c35a4000 	C:\WINDOWS\System32\wintrust.dll
0x00007ff9c56f0000 - 0x00007ff9c5710000 	C:\WINDOWS\System32\imagehlp.dll
0x00007ff9c1f90000 - 0x00007ff9c1fab000 	C:\WINDOWS\SYSTEM32\CRYPTSP.dll
0x00007ff9c1630000 - 0x00007ff9c166b000 	C:\WINDOWS\system32\rsaenh.dll
0x00007ff9c2840000 - 0x00007ff9c2866000 	C:\WINDOWS\SYSTEM32\bcrypt.dll
0x00007ff9b5cb0000 - 0x00007ff9b89c0000 	C:\WINDOWS\System32\DriverStore\FileRepository\nvami.inf_amd64_60e995a01594d69e\nvgpucomp64.dll
0x00007ff9c4c20000 - 0x00007ff9c4dc0000 	C:\WINDOWS\System32\ole32.dll
0x00007ff952c40000 - 0x00007ff9549cc000 	C:\WINDOWS\System32\DriverStore\FileRepository\nvami.inf_amd64_60e995a01594d69e\nvd3dumx.dll
0x00007ff9bf7b0000 - 0x00007ff9bf81a000 	C:\WINDOWS\SYSTEM32\directxdatabasehelper.dll
0x00007ff982e30000 - 0x00007ff982e72000 	C:\Users\omara\OneDrive\Desktop\SAHL\bin\glass.dll
0x00007ff9c52c0000 - 0x00007ff9c53b8000 	C:\WINDOWS\System32\COMDLG32.dll
0x00007ff9c3e60000 - 0x00007ff9c3fc1000 	C:\WINDOWS\System32\MSCTF.dll
0x00007ff981e90000 - 0x00007ff982160000 	C:\WINDOWS\system32\nvspcap64.dll
0x00007ff9c1870000 - 0x00007ff9c18a6000 	C:\WINDOWS\SYSTEM32\ntmarta.dll
0x00007ff9c1d40000 - 0x00007ff9c1d67000 	C:\WINDOWS\SYSTEM32\gpapi.dll
0x00007ff976440000 - 0x00007ff976595000 	C:\WINDOWS\System32\DriverStore\FileRepository\nvami.inf_amd64_60e995a01594d69e\nvppex.dll
0x00007ff985600000 - 0x00007ff985614000 	C:\Users\omara\OneDrive\Desktop\SAHL\bin\javafx_font.dll
0x00007ff9bde80000 - 0x00007ff9be0eb000 	C:\WINDOWS\SYSTEM32\dwrite.dll
0x00007ff9c4310000 - 0x00007ff9c43b8000 	C:\WINDOWS\System32\clbcatq.dll
0x00007ff9bdc20000 - 0x00007ff9bde5f000 	C:\WINDOWS\SYSTEM32\WindowsCodecs.dll
0x00007ff996b00000 - 0x00007ff996b5a000 	C:\WINDOWS\system32\dataexchange.dll
0x00007ff9b58a0000 - 0x00007ff9b5ad8000 	C:\WINDOWS\system32\twinapi.appcore.dll

dbghelp: loaded successfully - version: 4.0.5 - missing functions: none
symbol engine: initialized successfully - sym options: 0x614 - pdb path: .;C:\Program Files\Java\jdk-21\bin;C:\WINDOWS\SYSTEM32;C:\WINDOWS\WinSxS\amd64_microsoft.windows.common-controls_6595b64144ccf1df_6.0.26100.4768_none_3e0c112ce331287c;C:\Program Files\Java\jdk-21\bin\server;C:\Users\omara\OneDrive\Desktop\SAHL\bin;C:\WINDOWS\System32\DriverStore\FileRepository\nvami.inf_amd64_60e995a01594d69e;C:\Program Files\Common Files\Microsoft Shared\Ink

VM Arguments:
jvm_args: --module-path=lib/javafx --add-modules=javafx.controls,javafx.fxml --add-opens=javafx.graphics/javafx.scene=ALL-UNNAMED -javaagent:C:\Program Files\JetBrains\IntelliJ IDEA 2025.2\lib\idea_rt.jar=64262 -Dfile.encoding=UTF-8 -Dsun.stdout.encoding=UTF-8 -Dsun.stderr.encoding=UTF-8 
java_command: MainGUI
java_class_path (initial): C:\Users\omara\OneDrive\Desktop\SAHL\out\production\Frontend;C:\Users\omara\OneDrive\Desktop\SAHL\lib\javafx\javafx.media.jar;C:\Users\omara\OneDrive\Desktop\SAHL\lib\javafx\javafx.controls.jar;C:\Users\omara\OneDrive\Desktop\SAHL\lib\javafx\javafx.base.jar;C:\Users\omara\OneDrive\Desktop\SAHL\lib\javafx\javafx.web.jar;C:\Users\omara\OneDrive\Desktop\SAHL\lib\javafx\javafx.graphics.jar;C:\Users\omara\OneDrive\Desktop\SAHL\lib\javafx\javafx.fxml.jar;C:\Users\omara\OneDrive\Desktop\SAHL\out\production\Backend;C:\Users\omara\OneDrive\Desktop\SAHL\lib\jackcess-encrypt-3.0.0.jar;C:\Users\omara\OneDrive\Desktop\SAHL\lib\jackcess-3.0.1.jar;C:\Users\omara\OneDrive\Desktop\SAHL\lib\hsqldb-2.5.0.jar;C:\Users\omara\OneDrive\Desktop\SAHL\lib\gson-2.11.0.jar;C:\Users\omara\OneDrive\Desktop\SAHL\lib\ucanaccess-5.0.1.jar;C:\Users\omara\OneDrive\Desktop\SAHL\lib\bcprov-jdk15on-1.70.jar;C:\Users\omara\OneDrive\Desktop\SAHL\lib\commons-lang3-3.8.1.jar;C:\Users\omara\OneDrive\Desktop\SAHL\lib\commons-logging-1.2.jar
Launcher Type: SUN_STANDARD

[Global flags]
     intx CICompilerCount                          = 12                                        {product} {ergonomic}
     uint ConcGCThreads                            = 4                                         {product} {ergonomic}
     uint G1ConcRefinementThreads                  = 15                                        {product} {ergonomic}
   size_t G1HeapRegionSize                         = 2097152                                   {product} {ergonomic}
    uintx GCDrainStackTargetSize                   = 64                                        {product} {ergonomic}
   size_t InitialHeapSize                          = 264241152                                 {product} {ergonomic}
   size_t MarkStackSize                            = 4194304                                   {product} {ergonomic}
   size_t MaxHeapSize                              = 4198498304                                {product} {ergonomic}
   size_t MaxNewSize                               = 2518679552                                {product} {ergonomic}
   size_t MinHeapDeltaBytes                        = 2097152                                   {product} {ergonomic}
   size_t MinHeapSize                              = 8388608                                   {product} {ergonomic}
    uintx NonNMethodCodeHeapSize                   = 7602480                                {pd product} {ergonomic}
    uintx NonProfiledCodeHeapSize                  = 122027880                              {pd product} {ergonomic}
    uintx ProfiledCodeHeapSize                     = 122027880                              {pd product} {ergonomic}
    uintx ReservedCodeCacheSize                    = 251658240                              {pd product} {ergonomic}
     bool SegmentedCodeCache                       = true                                      {product} {ergonomic}
   size_t SoftMaxHeapSize                          = 4198498304                             {manageable} {ergonomic}
     bool UseCompressedOops                        = true                           {product lp64_product} {ergonomic}
     bool UseG1GC                                  = true                                      {product} {ergonomic}
     bool UseLargePagesIndividualAllocation        = false                                  {pd product} {ergonomic}

Logging:
Log output configuration:
 #0: stdout all=warning uptime,level,tags foldmultilines=false
 #1: stderr all=off uptime,level,tags foldmultilines=false

Environment Variables:
JAVA_HOME=C:\Program Files\Java\jdk-21\
PATH=C:\Users\omara\OneDrive\Desktop\SAHL\bin
USERNAME=omara
OS=Windows_NT
PROCESSOR_IDENTIFIER=Intel64 Family 6 Model 154 Stepping 3, GenuineIntel
TMP=C:\Users\omara\AppData\Local\Temp
TEMP=C:\Users\omara\AppData\Local\Temp




Periodic native trim disabled

---------------  S Y S T E M  ---------------

OS:
 Windows 11 , 64 bit Build 26100 (10.0.26100.4768)
OS uptime: 3 days 18:54 hours
Hyper-V role detected

CPU: total 20 (initial active 20) (10 cores per cpu, 2 threads per core) family 6 model 154 stepping 3 microcode 0x434, cx8, cmov, fxsr, ht, mmx, 3dnowpref, sse, sse2, sse3, ssse3, sse4.1, sse4.2, popcnt, lzcnt, tsc, tscinvbit, avx, avx2, aes, erms, clmul, bmi1, bmi2, adx, sha, fma, vzeroupper, clflush, clflushopt, clwb, hv, serialize, rdtscp, rdpid, fsrm, f16c, cet_ibt, cet_ss
Processor Information for processor 0
  Max Mhz: 2300, Current Mhz: 2300, Mhz Limit: 2300
Processor Information for processor 1
  Max Mhz: 2300, Current Mhz: 2300, Mhz Limit: 2300
Processor Information for processor 2
  Max Mhz: 2300, Current Mhz: 2300, Mhz Limit: 2300
Processor Information for processor 3
  Max Mhz: 2300, Current Mhz: 1506, Mhz Limit: 2300
Processor Information for processor 4
  Max Mhz: 2300, Current Mhz: 2300, Mhz Limit: 2300
Processor Information for processor 5
  Max Mhz: 2300, Current Mhz: 2300, Mhz Limit: 2300
Processor Information for processor 6
  Max Mhz: 2300, Current Mhz: 2300, Mhz Limit: 2300
Processor Information for processor 7
  Max Mhz: 2300, Current Mhz: 2300, Mhz Limit: 2300
Processor Information for processor 8
  Max Mhz: 2300, Current Mhz: 1506, Mhz Limit: 2300
Processor Information for processor 9
  Max Mhz: 2300, Current Mhz: 2300, Mhz Limit: 2300
Processor Information for processor 10
  Max Mhz: 2300, Current Mhz: 2300, Mhz Limit: 2300
Processor Information for processor 11
  Max Mhz: 2300, Current Mhz: 2300, Mhz Limit: 2300
Processor Information for processor 12
  Max Mhz: 2300, Current Mhz: 2300, Mhz Limit: 2300
Processor Information for processor 13
  Max Mhz: 2300, Current Mhz: 2300, Mhz Limit: 2300
Processor Information for processor 14
  Max Mhz: 2300, Current Mhz: 2300, Mhz Limit: 2300
Processor Information for processor 15
  Max Mhz: 2300, Current Mhz: 2300, Mhz Limit: 2300
Processor Information for processor 16
  Max Mhz: 2300, Current Mhz: 2300, Mhz Limit: 2300
Processor Information for processor 17
  Max Mhz: 2300, Current Mhz: 1488, Mhz Limit: 2300
Processor Information for processor 18
  Max Mhz: 2300, Current Mhz: 1488, Mhz Limit: 2300
Processor Information for processor 19
  Max Mhz: 2300, Current Mhz: 2300, Mhz Limit: 2300

Memory: 4k page, system-wide physical 16011M (6418M free)
TotalPageFile size 30347M (AvailPageFile size 16764M)
current process WorkingSet (physical memory assigned to process): 123M, peak: 123M
current process commit charge ("private bytes"): 413M, peak: 415M

vm_info: Java HotSpot(TM) 64-Bit Server VM (21.0.8+12-LTS-250) for windows-amd64 JRE (21.0.8+12-LTS-250), built on 2025-06-27T08:11:22Z by "mach5one" with MS VC++ 17.6 (VS2022)

END.
